console.c:403:6:console_puts_select.part.3	0	static
console.c:475:5:fgetc.part.5	16	static
console.c:549:5:getchar	0	static
console.c:649:6:putc	0	static
console.c:690:6:puts	0	static
console.c:403:6:console_puts_select	16	static
console.c:429:5:console_start	8	static
console.c:171:12:console_setfile	16	static
console.c:446:6:console_stop	0	static
console.c:457:5:serial_printf	1064	static
console.c:475:5:fgetc	0	static
console.c:508:5:ftstc	0	static
console.c:572:5:tstc	0	static
console.c:516:6:fputc	0	static
console.c:522:6:fputs	0	static
console.c:528:5:fprintf	1068	static
console.c:790:5:ctrlc	8	static
console.c:809:5:confirm_yesno	24	static
console.c:836:5:disable_ctrlc	0	static
console.c:844:5:had_ctrlc	0	static
console.c:849:6:clear_ctrlc	0	static
console.c:856:19:console_search_dev	8	static
console.c:872:5:console_assign	16	static
console.c:910:5:console_announce_r	208	static
console.c:924:5:console_init_f	0	static
console.c:935:6:stdio_print_current_devices	8	static
console.c:1052:5:console_init_r	16	static
