Archive member included to satisfy reference by file (symbol)

arch/arm/mach-omap2/am33xx/clock_am33xx.o
                              (--whole-archive)
arch/arm/mach-omap2/am33xx/clock.o
                              (--whole-archive)
arch/arm/mach-omap2/am33xx/sys_info.o
                              (--whole-archive)
arch/arm/mach-omap2/am33xx/ddr.o
                              (--whole-archive)
arch/arm/mach-omap2/am33xx/emif4.o
                              (--whole-archive)
arch/arm/mach-omap2/am33xx/board.o
                              (--whole-archive)
arch/arm/mach-omap2/am33xx/mux.o
                              (--whole-archive)
arch/arm/mach-omap2/am33xx/prcm-regs.o
                              (--whole-archive)
arch/arm/mach-omap2/am33xx/hw_data.o
                              (--whole-archive)
arch/arm/mach-omap2/am33xx/fdt.o
                              (--whole-archive)
arch/arm/mach-omap2/am33xx/clk_synthesizer.o
                              (--whole-archive)
arch/arm/mach-omap2/reset.o   (--whole-archive)
arch/arm/mach-omap2/timer.o   (--whole-archive)
arch/arm/mach-omap2/utils.o   (--whole-archive)
arch/arm/mach-omap2/sysinfo-common.o
                              (--whole-archive)
arch/arm/mach-omap2/omap-cache.o
                              (--whole-archive)
arch/arm/mach-omap2/boot-common.o
                              (--whole-archive)
arch/arm/mach-omap2/lowlevel_init.o
                              (--whole-archive)
arch/arm/mach-omap2/mem-common.o
                              (--whole-archive)
arch/arm/mach-omap2/fdt-common.o
                              (--whole-archive)
arch/arm/cpu/armv7/cache_v7.o
                              (--whole-archive)
arch/arm/cpu/armv7/cache_v7_asm.o
                              (--whole-archive)
arch/arm/cpu/armv7/cpu.o      (--whole-archive)
arch/arm/cpu/armv7/cp15.o     (--whole-archive)
arch/arm/cpu/armv7/syslib.o   (--whole-archive)
arch/arm/cpu/armv7/lowlevel_init.o
                              (--whole-archive)
arch/arm/lib/vectors.o        (--whole-archive)
arch/arm/lib/crt0.o           (--whole-archive)
arch/arm/lib/setjmp.o         (--whole-archive)
arch/arm/lib/spl.o            (--whole-archive)
arch/arm/lib/zimage.o         (--whole-archive)
arch/arm/lib/bootm-fdt.o      (--whole-archive)
arch/arm/lib/memset.o         (--whole-archive)
arch/arm/lib/memcpy.o         (--whole-archive)
arch/arm/lib/bdinfo.o         (--whole-archive)
arch/arm/lib/sections.o       (--whole-archive)
arch/arm/lib/stack.o          (--whole-archive)
arch/arm/lib/interrupts.o     (--whole-archive)
arch/arm/lib/reset.o          (--whole-archive)
arch/arm/lib/cache.o          (--whole-archive)
arch/arm/lib/cache-cp15.o     (--whole-archive)
arch/arm/lib/psci-dt.o        (--whole-archive)
board/ti/am335x/mux.o         (--whole-archive)
board/ti/am335x/board.o       (--whole-archive)
board/ti/common/board_detect.o
                              (--whole-archive)
board/ti/common/cape_detect.o
                              (--whole-archive)
common/spl/spl.o              (--whole-archive)
common/spl/spl_fit.o          (--whole-archive)
common/spl/spl_ymodem.o       (--whole-archive)
common/spl/spl_net.o          (--whole-archive)
common/spl/spl_mmc.o          (--whole-archive)
common/spl/spl_fat.o          (--whole-archive)
common/init/board_init.o      (--whole-archive)
boot/image.o                  (--whole-archive)
boot/image-board.o            (--whole-archive)
boot/image-android.o          (--whole-archive)
boot/image-android-dt.o       (--whole-archive)
boot/image-fdt.o              (--whole-archive)
boot/image-fit.o              (--whole-archive)
boot/common_fit.o             (--whole-archive)
common/miiphyutil.o           (--whole-archive)
common/fdt_support.o          (--whole-archive)
common/usb.o                  (--whole-archive)
common/console.o              (--whole-archive)
common/dlmalloc.o             (--whole-archive)
common/malloc_simple.o        (--whole-archive)
common/hash.o                 (--whole-archive)
common/memsize.o              (--whole-archive)
common/stdio.o                (--whole-archive)
common/cli.o                  (--whole-archive)
common/dfu.o                  (--whole-archive)
common/command.o              (--whole-archive)
common/s_record.o             (--whole-archive)
common/xyzModem.o             (--whole-archive)
cmd/nvedit.o                  (--whole-archive)
env/common.o                  (--whole-archive)
env/env.o                     (--whole-archive)
env/attr.o                    (--whole-archive)
env/flags.o                   (--whole-archive)
env/nowhere.o                 (--whole-archive)
lib/hash-checksum.o           (--whole-archive)
lib/blake2/blake2b.o          (--whole-archive)
lib/sha1.o                    (--whole-archive)
lib/sha256.o                  (--whole-archive)
lib/libfdt/fdt.o              (--whole-archive)
lib/libfdt/fdt_ro.o           (--whole-archive)
[...]
Memory Configuration

Name             Origin             Length             Attributes
.sram            0x00000000402f0400 0x000000000001b000
.sdram           0x0000000080a00000 0x0000000000080000
*default*        0x0000000000000000 0xffffffffffffffff

Linker script and memory map


.text           0x00000000402f0400    0x13c7e
                0x00000000402f0400                __start = .
 *(.vectors)
 .vectors       0x00000000402f0400       0x44 arch/arm/lib/vectors.o
                0x00000000402f0400                _start
                0x00000000402f0420                _undefined_instruction
                0x00000000402f0424                _software_interrupt
                0x00000000402f0428                _prefetch_abort
                0x00000000402f042c                _data_abort
                0x00000000402f0430                _not_used
                0x00000000402f0434                _irq
                0x00000000402f0438                _fiq
 arch/arm/cpu/armv7/start.o(.text*)
 .text          0x00000000402f0444       0xd4 arch/arm/cpu/armv7/start.o
                0x00000000402f0444                reset
                0x00000000402f0448                save_boot_params_ret
                0x00000000402f0484                c_runtime_cpu_setup
                0x00000000402f0498                cpu_init_cp15
                0x00000000402f050c                cpu_init_crit
 *(.text*)
 .text.get_dpll_core_params
                0x00000000402f0518       0x14 arch/arm/mach-omap2/am33xx/clock_am33xx.o
                0x00000000402f0518                get_dpll_core_params
 .text.get_dpll_per_params
                0x00000000402f052c       0x14 arch/arm/mach-omap2/am33xx/clock_am33xx.o
                0x00000000402f052c                get_dpll_per_params
 .text.setup_clocks_for_console
                0x00000000402f0540       0x78 arch/arm/mach-omap2/am33xx/clock_am33xx.o
                0x00000000402f0540                setup_clocks_for_console
 .text.enable_basic_clocks
                0x00000000402f05b8       0x44 arch/arm/mach-omap2/am33xx/clock_am33xx.o
                0x00000000402f05b8                enable_basic_clocks
 .text.do_setup_dpll
                0x00000000402f05fc       0xe0 arch/arm/mach-omap2/am33xx/clock.o
                0x00000000402f05fc                do_setup_dpll
 .text.do_enable_clocks
                0x00000000402f06dc       0x70 arch/arm/mach-omap2/am33xx/clock.o
                0x00000000402f06dc                do_enable_clocks
 .text.setup_early_clocks
                0x00000000402f074c       0x12 arch/arm/mach-omap2/am33xx/clock.o
                0x00000000402f074c                setup_early_clocks
 *fill*         0x00000000402f075e        0x2 
 .text.prcm_init
                0x00000000402f0760       0x5c arch/arm/mach-omap2/am33xx/clock.o
                0x00000000402f0760                prcm_init
 .text.get_sys_clk_index
                0x00000000402f07bc       0x14 arch/arm/mach-omap2/am33xx/sys_info.o
                0x00000000402f07bc                get_sys_clk_index
 .text.am335x_get_efuse_mpu_max_freq
                0x00000000402f07d0       0x88 arch/arm/mach-omap2/am33xx/sys_info.o
                0x00000000402f07d0                am335x_get_efuse_mpu_max_freq
 .text.am335x_get_tps65910_mpu_vdd
                0x00000000402f0858       0x3c arch/arm/mach-omap2/am33xx/sys_info.o
                0x00000000402f0858                am335x_get_tps65910_mpu_vdd
 .text.configure_mr
                0x00000000402f0894       0x88 arch/arm/mach-omap2/am33xx/ddr.o
 .text.config_sdram_emif4d5
                0x00000000402f091c      0x164 arch/arm/mach-omap2/am33xx/ddr.o
                0x00000000402f091c                config_sdram_emif4d5
 .text.config_sdram
                0x00000000402f0a80       0x80 arch/arm/mach-omap2/am33xx/ddr.o
                0x00000000402f0a80                config_sdram
 .text.set_sdram_timings
                0x00000000402f0b00       0x3c arch/arm/mach-omap2/am33xx/ddr.o
                0x00000000402f0b00                set_sdram_timings
 .text.config_ddr_phy
                0x00000000402f0b3c      0x1bc arch/arm/mach-omap2/am33xx/ddr.o
                0x00000000402f0b3c                config_ddr_phy
 .text.config_cmd_ctrl
                0x00000000402f0cf8       0x44 arch/arm/mach-omap2/am33xx/ddr.o
                0x00000000402f0cf8                config_cmd_ctrl
 .text.config_ddr_data
                0x00000000402f0d3c       0x4c arch/arm/mach-omap2/am33xx/ddr.o
                0x00000000402f0d3c                config_ddr_data
 .text.config_io_ctrl
                0x00000000402f0d88       0x34 arch/arm/mach-omap2/am33xx/ddr.o
                0x00000000402f0d88                config_io_ctrl
 .text.ddr_pll_config
                0x00000000402f0dbc        0x2 arch/arm/mach-omap2/am33xx/emif4.o
                0x00000000402f0dbc                ddr_pll_config
 *fill*         0x00000000402f0dbe        0x2 
 .text.config_ddr
                0x00000000402f0dc0       0xb4 arch/arm/mach-omap2/am33xx/emif4.o
                0x00000000402f0dc0                config_ddr
 .text.dram_init_banksize
                0x00000000402f0e74       0x18 arch/arm/mach-omap2/am33xx/board.o
                0x00000000402f0e74                dram_init_banksize
 .text.arch_misc_init
                0x00000000402f0e8c        0x4 arch/arm/mach-omap2/am33xx/board.o
                0x00000000402f0e8c                arch_misc_init
 .text.board_early_init_f
                0x00000000402f0e90        0xe arch/arm/mach-omap2/am33xx/board.o
                0x00000000402f0e90                board_early_init_f
 .text.am33xx_spl_board_init
                0x00000000402f0e9e        0x2 arch/arm/mach-omap2/am33xx/board.o
                0x00000000402f0e9e                am33xx_spl_board_init
 .text.s_init   0x00000000402f0ea0        0x2 arch/arm/mach-omap2/am33xx/board.o
                0x00000000402f0ea0                s_init
 *fill*         0x00000000402f0ea2        0x2 
 .text.early_system_init
                0x00000000402f0ea4       0x7c arch/arm/mach-omap2/am33xx/board.o
                0x00000000402f0ea4                early_system_init
 .text.board_init_f
                0x00000000402f0f20       0x24 arch/arm/mach-omap2/am33xx/board.o
                0x00000000402f0f20                board_init_f
 .text.configure_module_pin_mux
                0x00000000402f0f44       0x20 arch/arm/mach-omap2/am33xx/mux.o
                0x00000000402f0f44                configure_module_pin_mux
 .text.hw_data_init
                0x00000000402f0f64       0x14 arch/arm/mach-omap2/am33xx/hw_data.o
                0x00000000402f0f64                hw_data_init
 .text.reset_cpu
                0x00000000402f0f78       0x10 arch/arm/mach-omap2/reset.o
                0x00000000402f0f78                reset_cpu
 .text.get_timer_masked
                0x00000000402f0f88       0x54 arch/arm/mach-omap2/timer.o
 .text.timer_init
                0x00000000402f0fdc       0x18 arch/arm/mach-omap2/timer.o
                0x00000000402f0fdc                timer_init
 .text.get_timer
                0x00000000402f0ff4        0xc arch/arm/mach-omap2/timer.o
                0x00000000402f0ff4                get_timer
 .text.__udelay
                0x00000000402f1000       0x34 arch/arm/mach-omap2/timer.o
                0x00000000402f1000                __udelay
 .text.save_omap_boot_params
                0x00000000402f1034       0x5c arch/arm/mach-omap2/boot-common.o
                0x00000000402f1034                save_omap_boot_params
 .text.spl_boot_device
                0x00000000402f1090        0x6 arch/arm/mach-omap2/boot-common.o
                0x00000000402f1090                spl_boot_device
 .text.spl_mmc_boot_mode
                0x00000000402f1096        0x6 arch/arm/mach-omap2/boot-common.o
                0x00000000402f1096                spl_mmc_boot_mode
 .text.spl_board_init
                0x00000000402f109c       0x16 arch/arm/mach-omap2/boot-common.o
                0x00000000402f109c                spl_board_init
 *fill*         0x00000000402f10b2        0x2 
 .text.jump_to_image_no_args
                0x00000000402f10b4       0x10 arch/arm/mach-omap2/boot-common.o
                0x00000000402f10b4                jump_to_image_no_args
 .text          0x00000000402f10c4       0x60 arch/arm/mach-omap2/lowlevel_init.o
                0x00000000402f10c4                save_boot_params
                0x00000000402f10d0                omap_smc1
                0x00000000402f10ec                omap_smc_sec
 .text.invalidate_icache_all
                0x00000000402f1124       0x14 arch/arm/cpu/armv7/cache_v7.o
                0x00000000402f1124                invalidate_icache_all
 .text.v7_outer_cache_disable
                0x00000000402f1138        0x2 arch/arm/cpu/armv7/cache_v7.o
                0x00000000402f1138                v7_outer_cache_disable
 .text.v7_outer_cache_flush_all
                0x00000000402f113a        0x2 arch/arm/cpu/armv7/cache_v7.o
                0x00000000402f113a                v7_outer_cache_flush_all
 .text.flush_dcache_all
                0x00000000402f113c        0xe arch/arm/cpu/armv7/cache_v7.o
                0x00000000402f113c                flush_dcache_all
 .text.v7_outer_cache_inval_all
                0x00000000402f114a        0x2 arch/arm/cpu/armv7/cache_v7.o
                0x00000000402f114a                v7_outer_cache_inval_all
 .text.invalidate_dcache_all
                0x00000000402f114c        0xe arch/arm/cpu/armv7/cache_v7.o
                0x00000000402f114c                invalidate_dcache_all
 .text.v7_outer_cache_flush_range
                0x00000000402f115a        0x2 arch/arm/cpu/armv7/cache_v7.o
                0x00000000402f115a                v7_outer_cache_flush_range
 .text.flush_dcache_range
                0x00000000402f115c       0x38 arch/arm/cpu/armv7/cache_v7.o
                0x00000000402f115c                flush_dcache_range
 .text.v7_outer_cache_inval_range
                0x00000000402f1194        0x2 arch/arm/cpu/armv7/cache_v7.o
                0x00000000402f1194                v7_outer_cache_inval_range
 .text.invalidate_dcache_range
                0x00000000402f1196       0x42 arch/arm/cpu/armv7/cache_v7.o
                0x00000000402f1196                invalidate_dcache_range
 .text          0x00000000402f11d8      0x158 arch/arm/cpu/armv7/cache_v7_asm.o
                0x00000000402f11d8                __v7_flush_dcache_all
                0x00000000402f1274                v7_flush_dcache_all
                0x00000000402f1284                __v7_invalidate_dcache_all
                0x00000000402f1320                v7_invalidate_dcache_all
 .text.cpu_cache_initialization
                0x00000000402f1330        0x2 arch/arm/cpu/armv7/cpu.o
                0x00000000402f1330                cpu_cache_initialization
 .text.cleanup_before_linux_select
                0x00000000402f1332       0x38 arch/arm/cpu/armv7/cpu.o
                0x00000000402f1332                cleanup_before_linux_select
 .text.cleanup_before_linux
                0x00000000402f136a        0x6 arch/arm/cpu/armv7/cpu.o
                0x00000000402f136a                cleanup_before_linux
 .text.v7_arch_cp15_set_acr
                0x00000000402f1370        0x6 arch/arm/cpu/armv7/cp15.o
                0x00000000402f1370                v7_arch_cp15_set_acr
 .text.wait_on_value
                0x00000000402f1376       0x1e arch/arm/cpu/armv7/syslib.o
                0x00000000402f1376                wait_on_value
 .text.lowlevel_init
                0x00000000402f1394       0x1c arch/arm/cpu/armv7/lowlevel_init.o
                0x00000000402f1394                lowlevel_init
 .text          0x00000000402f13b0       0x6c arch/arm/lib/crt0.o
                0x00000000402f13b0                _main
 .text.jump_to_image_linux
                0x00000000402f141c       0x14 arch/arm/lib/spl.o
                0x00000000402f141c                jump_to_image_linux
 .text.bootz_setup
                0x00000000402f1430       0x78 arch/arm/lib/zimage.o
                0x00000000402f1430                bootz_setup
 .text.arch_fixup_fdt
                0x00000000402f14a8       0x3a arch/arm/lib/bootm-fdt.o
                0x00000000402f14a8                arch_fixup_fdt
 *fill*         0x00000000402f14e2       0x1e 
 .text          0x00000000402f1500       0xa0 arch/arm/lib/memset.o
                0x00000000402f1500                memset
 .text          0x00000000402f15a0      0x2e4 arch/arm/lib/memcpy.o
                0x00000000402f15a0                memcpy
 .text.arch_lmb_reserve
                0x00000000402f1884        0xe arch/arm/lib/stack.o
                0x00000000402f1884                arch_lmb_reserve
 .text.disable_interrupts
                0x00000000402f1892        0x4 arch/arm/lib/interrupts.o
                0x00000000402f1892                disable_interrupts
 .text.reset_misc
                0x00000000402f1896        0x2 arch/arm/lib/reset.o
                0x00000000402f1896                reset_misc
 .text.do_reset
                0x00000000402f1898       0x24 arch/arm/lib/reset.o
                0x00000000402f1898                do_reset
 .text.check_cache_range
                0x00000000402f18bc        0xe arch/arm/lib/cache.o
                0x00000000402f18bc                check_cache_range
 .text.icache_enable
                0x00000000402f18ca       0x12 arch/arm/lib/cache-cp15.o
                0x00000000402f18ca                icache_enable
 .text.icache_disable
                0x00000000402f18dc       0x16 arch/arm/lib/cache-cp15.o
                0x00000000402f18dc                icache_disable
 .text.dcache_disable
                0x00000000402f18f2       0x20 arch/arm/lib/cache-cp15.o
                0x00000000402f18f2                dcache_disable
 *fill*         0x00000000402f1912        0x2 
 .text.enable_uart0_pin_mux
                0x00000000402f1914        0xc board/ti/am335x/mux.o
                0x00000000402f1914                enable_uart0_pin_mux
 .text.enable_uart4_pin_mux
                0x00000000402f1920        0xc board/ti/am335x/mux.o
                0x00000000402f1920                enable_uart4_pin_mux
 .text.enable_i2c0_pin_mux
                0x00000000402f192c        0xc board/ti/am335x/mux.o
                0x00000000402f192c                enable_i2c0_pin_mux
 .text.enable_i2c2_pin_mux
                0x00000000402f1938        0xc board/ti/am335x/mux.o
                0x00000000402f1938                enable_i2c2_pin_mux
 .text.enable_board_pin_mux
                0x00000000402f1944      0x1a4 board/ti/am335x/mux.o
                0x00000000402f1944                enable_board_pin_mux
 .text.bone_not_connected_to_ac_power.part.0
                0x00000000402f1ae8       0x28 board/ti/am335x/board.o
 .text.do_board_detect
                0x00000000402f1b10       0x24 board/ti/am335x/board.o
                0x00000000402f1b10                do_board_detect
 .text.spl_start_uboot
                0x00000000402f1b34       0x30 board/ti/am335x/board.o
                0x00000000402f1b34                spl_start_uboot
 .text.get_dpll_ddr_params
                0x00000000402f1b64       0xac board/ti/am335x/board.o
                0x00000000402f1b64                get_dpll_ddr_params
 .text.get_dpll_mpu_params
                0x00000000402f1c10       0xc4 board/ti/am335x/board.o
                0x00000000402f1c10                get_dpll_mpu_params
 .text.scale_vcores_generic
                0x00000000402f1cd4       0x40 board/ti/am335x/board.o
                0x00000000402f1cd4                scale_vcores_generic
 .text.gpi2c_init
                0x00000000402f1d14       0x18 board/ti/am335x/board.o
                0x00000000402f1d14                gpi2c_init
 .text.scale_vcores
                0x00000000402f1d2c      0x1cc board/ti/am335x/board.o
                0x00000000402f1d2c                scale_vcores
 .text.set_uart_mux_conf
                0x00000000402f1ef8       0x20 board/ti/am335x/board.o
                0x00000000402f1ef8                set_uart_mux_conf
 .text.set_mux_conf_regs
                0x00000000402f1f18        0x4 board/ti/am335x/board.o
                0x00000000402f1f18                set_mux_conf_regs
 .text.sdram_init
                0x00000000402f1f1c      0x17c board/ti/am335x/board.o
                0x00000000402f1f1c                sdram_init
 .text.rtc32k_enable
                0x00000000402f2098       0x64 board/ti/am335x/board.o
                0x00000000402f2098                rtc32k_enable
 .text.board_fit_config_name_match
                0x00000000402f20fc      0x134 board/ti/am335x/board.o
                0x00000000402f20fc                board_fit_config_name_match
 .text.ti_eeprom_string_cleanup
                0x00000000402f2230       0x22 board/ti/common/board_detect.o
 .text.ti_i2c_eeprom_get
                0x00000000402f2252       0x7c board/ti/common/board_detect.o
 *fill*         0x00000000402f22ce        0x2 
 .text.ti_i2c_eeprom_am_get
                0x00000000402f22d0       0xf0 board/ti/common/board_detect.o
                0x00000000402f22d0                ti_i2c_eeprom_am_get
 .text.board_ti_is
                0x00000000402f23c0       0x30 board/ti/common/board_detect.o
                0x00000000402f23c0                board_ti_is
 .text.board_ti_get_rev
                0x00000000402f23f0        0x8 board/ti/common/board_detect.o
                0x00000000402f23f0                board_ti_get_rev
 .text.board_ti_get_config
                0x00000000402f23f8        0x8 board/ti/common/board_detect.o
                0x00000000402f23f8                board_ti_get_config
 .text.spl_perform_fixups
                0x00000000402f2400        0x2 common/spl/spl.o
                0x00000000402f2400                spl_perform_fixups
 *fill*         0x00000000402f2402        0x2 
 .text.spl_fixup_fdt
                0x00000000402f2404       0x4c common/spl/spl.o
                0x00000000402f2404                spl_fixup_fdt
 .text.spl_board_prepare_for_linux
                0x00000000402f2450        0x2 common/spl/spl.o
                0x00000000402f2450                spl_board_prepare_for_linux
 .text.spl_board_loader_name
                0x00000000402f2452        0x4 common/spl/spl.o
                0x00000000402f2452                spl_board_loader_name
 .text.spl_board_prepare_for_boot
                0x00000000402f2456        0x2 common/spl/spl.o
                0x00000000402f2456                spl_board_prepare_for_boot
 .text.spl_get_load_buffer
                0x00000000402f2458        0x6 common/spl/spl.o
                0x00000000402f2458                spl_get_load_buffer
 *fill*         0x00000000402f245e        0x2 
 .text.spl_set_header_raw_uboot
                0x00000000402f2460       0x20 common/spl/spl.o
                0x00000000402f2460                spl_set_header_raw_uboot
 .text.spl_parse_board_header
                0x00000000402f2480        0x6 common/spl/spl.o
                0x00000000402f2480                spl_parse_board_header
 .text.spl_parse_legacy_header
                0x00000000402f2486        0x6 common/spl/spl.o
                0x00000000402f2486                spl_parse_legacy_header
 .text.spl_parse_image_header
                0x00000000402f248c       0x64 common/spl/spl.o
                0x00000000402f248c                spl_parse_image_header
 .text.spl_set_bd
                0x00000000402f24f0       0x14 common/spl/spl.o
                0x00000000402f24f0                spl_set_bd
 .text.spl_early_init
                0x00000000402f2504       0x26 common/spl/spl.o
                0x00000000402f2504                spl_early_init
 .text.spl_init
                0x00000000402f252a       0x26 common/spl/spl.o
                0x00000000402f252a                spl_init
 .text.board_boot_order
                0x00000000402f2550        0xc common/spl/spl.o
                0x00000000402f2550                board_boot_order
 .text.spl_check_board_image
                0x00000000402f255c        0x4 common/spl/spl.o
                0x00000000402f255c                spl_check_board_image
 .text.board_init_r
                0x00000000402f2560      0x10c common/spl/spl.o
                0x00000000402f2560                board_init_r
 .text.preloader_console_init
                0x00000000402f266c       0x24 common/spl/spl.o
                0x00000000402f266c                preloader_console_init
 .text.spl_relocate_stack_gd
                0x00000000402f2690       0x34 common/spl/spl.o
                0x00000000402f2690                spl_relocate_stack_gd
 .text.spl_fit_get_image_node
                0x00000000402f26c4       0x54 common/spl/spl_fit.o
 .text.spl_load_fit_image
                0x00000000402f2718      0x168 common/spl/spl_fit.o
 .text.spl_fit_append_fdt
                0x00000000402f2880       0x60 common/spl/spl_fit.o
 .text.board_spl_fit_size_align
                0x00000000402f28e0        0x2 common/spl/spl_fit.o
                0x00000000402f28e0                board_spl_fit_size_align
 .text.board_spl_fit_buffer_addr
                0x00000000402f28e2       0x1a common/spl/spl_fit.o
                0x00000000402f28e2                board_spl_fit_buffer_addr
 .text.spl_load_simple_fit_skip_processing
                0x00000000402f28fc        0x4 common/spl/spl_fit.o
                0x00000000402f28fc                spl_load_simple_fit_skip_processing
 .text.spl_load_simple_fit_fix_load
                0x00000000402f2900        0x2 common/spl/spl_fit.o
                0x00000000402f2900                spl_load_simple_fit_fix_load
 *fill*         0x00000000402f2902        0x2 
 .text.spl_load_simple_fit
                0x00000000402f2904      0x1c0 common/spl/spl_fit.o
                0x00000000402f2904                spl_load_simple_fit
 .text.ymodem_read_fit
                0x00000000402f2ac4       0xbc common/spl/spl_ymodem.o
 .text.getcymodem
                0x00000000402f2b80       0x16 common/spl/spl_ymodem.o
 *fill*         0x00000000402f2b96        0x2 
 .text.spl_ymodem_load_image
                0x00000000402f2b98       0xf4 common/spl/spl_ymodem.o
                0x00000000402f2b98                spl_ymodem_load_image
 .text.spl_net_load_read
                0x00000000402f2c8c       0x18 common/spl/spl_net.o
 .text.spl_net_load_image
                0x00000000402f2ca4       0xac common/spl/spl_net.o
 .text.spl_net_load_image_cpgmac
                0x00000000402f2d50        0x4 common/spl/spl_net.o
                0x00000000402f2d50                spl_net_load_image_cpgmac
 .text.spl_net_load_image_usb
                0x00000000402f2d54       0x20 common/spl/spl_net.o
                0x00000000402f2d54                spl_net_load_image_usb
 .text.h_spl_load_read
                0x00000000402f2d74       0x1c common/spl/spl_mmc.o
 .text.mmc_load_image_raw_sector
                0x00000000402f2d90       0xd0 common/spl/spl_mmc.o
 .text.spl_mmc_get_uboot_raw_sector
                0x00000000402f2e60        0x4 common/spl/spl_mmc.o
                0x00000000402f2e60                spl_mmc_get_uboot_raw_sector
 .text.default_spl_mmc_emmc_boot_partition
                0x00000000402f2e64       0x10 common/spl/spl_mmc.o
                0x00000000402f2e64                default_spl_mmc_emmc_boot_partition
 .text.spl_mmc_emmc_boot_partition
                0x00000000402f2e74        0x4 common/spl/spl_mmc.o
                0x00000000402f2e74                spl_mmc_emmc_boot_partition
 .text.spl_mmc_load
                0x00000000402f2e78      0x178 common/spl/spl_mmc.o
                0x00000000402f2e78                spl_mmc_load
 .text.spl_mmc_load_image
                0x00000000402f2ff0       0x1c common/spl/spl_mmc.o
                0x00000000402f2ff0                spl_mmc_load_image
 .text.spl_fit_read
                0x00000000402f300c       0x20 common/spl/spl_fat.o
 .text.spl_load_image_fat
                0x00000000402f302c       0xc0 common/spl/spl_fat.o
                0x00000000402f302c                spl_load_image_fat
 .text.spl_load_image_fat_os
                0x00000000402f30ec       0xf0 common/spl/spl_fat.o
                0x00000000402f30ec                spl_load_image_fat_os
 .text.board_init_f_alloc_reserve
                0x00000000402f31dc        0xc common/init/board_init.o
                0x00000000402f31dc                board_init_f_alloc_reserve
 .text.board_init_f_init_reserve
                0x00000000402f31e8       0x14 common/init/board_init.o
                0x00000000402f31e8                board_init_f_init_reserve
 .text.get_table_entry_id
                0x00000000402f31fc       0x26 boot/image.o
                0x00000000402f31fc                get_table_entry_id
 *fill*         0x00000000402f3222        0x2 
 .text.genimg_get_os_id
                0x00000000402f3224       0x14 boot/image.o
                0x00000000402f3224                genimg_get_os_id
 .text.boot_fdt_add_mem_rsv_regions
                0x00000000402f3238      0x118 boot/image-fdt.o
                0x00000000402f3238                boot_fdt_add_mem_rsv_regions
 .text.fit_image_get_address
                0x00000000402f3350       0x48 boot/image-fit.o
 .text.fit_image_get_os
                0x00000000402f3398       0x28 boot/image-fit.o
                0x00000000402f3398                fit_image_get_os
 .text.fit_image_get_load
                0x00000000402f33c0        0xc boot/image-fit.o
                0x00000000402f33c0                fit_image_get_load
 .text.fit_image_get_entry
                0x00000000402f33cc        0xc boot/image-fit.o
                0x00000000402f33cc                fit_image_get_entry
 .text.fit_image_get_data
                0x00000000402f33d8       0x28 boot/image-fit.o
                0x00000000402f33d8                fit_image_get_data
 .text.fit_image_get_data_offset
                0x00000000402f3400       0x24 boot/image-fit.o
                0x00000000402f3400                fit_image_get_data_offset
 .text.fit_image_get_data_position
                0x00000000402f3424       0x24 boot/image-fit.o
                0x00000000402f3424                fit_image_get_data_position
 .text.fit_image_get_data_size
                0x00000000402f3448       0x24 boot/image-fit.o
                0x00000000402f3448                fit_image_get_data_size
 .text.fit_find_config_node
                0x00000000402f346c       0xa0 boot/common_fit.o
                0x00000000402f346c                fit_find_config_node
 .text.miiphy_get_dev_by_name
                0x00000000402f350c       0x34 common/miiphyutil.o
                0x00000000402f350c                miiphy_get_dev_by_name
 .text.miiphy_init
                0x00000000402f3540       0x18 common/miiphyutil.o
                0x00000000402f3540                miiphy_init
 .text.mdio_alloc
                0x00000000402f3558       0x1c common/miiphyutil.o
                0x00000000402f3558                mdio_alloc
 .text.mdio_free
                0x00000000402f3574        0x2 common/miiphyutil.o
                0x00000000402f3574                mdio_free
 *fill*         0x00000000402f3576        0x2 
 .text.mdio_register
                0x00000000402f3578       0x4c common/miiphyutil.o
                0x00000000402f3578                mdio_register
 .text.fdt_pack_reg
                0x00000000402f35c4       0x8e common/fdt_support.o
 *fill*         0x00000000402f3652        0x2 
 .text.fdt_find_or_add_subnode
                0x00000000402f3654       0x40 common/fdt_support.o
                0x00000000402f3654                fdt_find_or_add_subnode
 .text.fdt_fixup_memory_banks
                0x00000000402f3694       0xe8 common/fdt_support.o
                0x00000000402f3694                fdt_fixup_memory_banks
 .text.fdt_shrink_to_minimum
                0x00000000402f377c       0x8e common/fdt_support.o
                0x00000000402f377c                fdt_shrink_to_minimum
 *fill*         0x00000000402f380a        0x2 
 .text.usb_find_usb2_hub_address_port
                0x00000000402f380c       0x4c common/usb.o
                0x00000000402f380c                usb_find_usb2_hub_address_port
 .text.console_puts_select.part.3
                0x00000000402f3858       0x10 common/console.o
 .text.fgetc.part.5
                0x00000000402f3868       0x2c common/console.o
 .text.getchar  0x00000000402f3894       0x1a common/console.o
                0x00000000402f3894                getchar
 *fill*         0x00000000402f38ae        0x2 
 .text.putc     0x00000000402f38b0       0x28 common/console.o
                0x00000000402f38b0                putc
 .text.puts     0x00000000402f38d8       0x22 common/console.o
                0x00000000402f38d8                puts
 *fill*         0x00000000402f38fa        0x2 
 .text.ftstc    0x00000000402f38fc       0x18 common/console.o
                0x00000000402f38fc                ftstc
 .text.tstc     0x00000000402f3914       0x1a common/console.o
                0x00000000402f3914                tstc
 *fill*         0x00000000402f392e        0x2 
 .text.ctrlc    0x00000000402f3930       0x34 common/console.o
                0x00000000402f3930                ctrlc
 .text.mem_malloc_init
                0x00000000402f3964       0x28 common/dlmalloc.o
                0x00000000402f3964                mem_malloc_init
 .text.alloc_simple
                0x00000000402f398c       0x40 common/malloc_simple.o
 .text.malloc_simple
                0x00000000402f39cc        0x6 common/malloc_simple.o
                0x00000000402f39cc                malloc_simple
 .text.memalign_simple
                0x00000000402f39d2        0xa common/malloc_simple.o
                0x00000000402f39d2                memalign_simple
 .text.calloc   0x00000000402f39dc       0x1c common/malloc_simple.o
                0x00000000402f39dc                calloc
 .text.get_ram_size
                0x00000000402f39f8       0x9e common/memsize.o
                0x00000000402f39f8                get_ram_size
 .text.CYGACC_COMM_IF_GETC_TIMEOUT.isra.0
                0x00000000402f3a96       0x32 common/xyzModem.o
 .text.xyzModem_flush
                0x00000000402f3ac8       0x14 common/xyzModem.o
 .text.xyzModem_get_hdr
                0x00000000402f3adc      0x16c common/xyzModem.o
 .text.xyzModem_stream_open
                0x00000000402f3c48      0x168 common/xyzModem.o
                0x00000000402f3c48                xyzModem_stream_open
 .text.xyzModem_stream_read
                0x00000000402f3db0      0x1c0 common/xyzModem.o
                0x00000000402f3db0                xyzModem_stream_read
 .text.xyzModem_stream_close
                0x00000000402f3f70        0x2 common/xyzModem.o
                0x00000000402f3f70                xyzModem_stream_close
 *fill*         0x00000000402f3f72        0x2 
 .text.xyzModem_stream_terminate
                0x00000000402f3f74       0x68 common/xyzModem.o
                0x00000000402f3f74                xyzModem_stream_terminate
 .text.xyzModem_error
                0x00000000402f3fdc       0x18 common/xyzModem.o
                0x00000000402f3fdc                xyzModem_error
 .text._do_env_set.isra.0.constprop.1
                0x00000000402f3ff4       0xfc cmd/nvedit.o
 .text.env_get_id
                0x00000000402f40f0        0xc cmd/nvedit.o
                0x00000000402f40f0                env_get_id
 .text.env_set  0x00000000402f40fc       0x38 cmd/nvedit.o
                0x00000000402f40fc                env_set
 .text.env_get_from_linear
                0x00000000402f4134       0x98 env/common.o
 .text.env_set_hex
                0x00000000402f41cc       0x20 env/common.o
                0x00000000402f41cc                env_set_hex
 .text.env_get_f
                0x00000000402f41ec       0x24 env/common.o
                0x00000000402f41ec                env_get_f
 .text.env_get  0x00000000402f4210       0x54 env/common.o
                0x00000000402f4210                env_get
 .text.eth_env_get_enetaddr
                0x00000000402f4264       0x34 env/common.o
                0x00000000402f4264                eth_env_get_enetaddr
 .text.eth_env_set_enetaddr
                0x00000000402f4298       0x30 env/common.o
                0x00000000402f4298                eth_env_set_enetaddr
 .text.env_get_ulong
                0x00000000402f42c8       0x1c env/common.o
                0x00000000402f42c8                env_get_ulong
 .text.env_get_yesno
                0x00000000402f42e4       0x2a env/common.o
                0x00000000402f42e4                env_get_yesno
 *fill*         0x00000000402f430e        0x2 
 .text.env_get_default
                0x00000000402f4310       0x20 env/common.o
                0x00000000402f4310                env_get_default
 .text.env_set_default
                0x00000000402f4330       0x5c env/common.o
                0x00000000402f4330                env_set_default
 .text.env_relocate
                0x00000000402f438c       0x10 env/common.o
                0x00000000402f438c                env_relocate
 .text.env_get_location
                0x00000000402f439c        0xa env/env.o
                0x00000000402f439c                env_get_location
 *fill*         0x00000000402f43a6        0x2 
 .text.env_driver_lookup
                0x00000000402f43a8       0x2c env/env.o
 .text.env_load
                0x00000000402f43d4       0x6c env/env.o
                0x00000000402f43d4                env_load
 .text.env_init
                0x00000000402f4440       0x78 env/env.o
                0x00000000402f4440                env_init
 .text.regex_callback
                0x00000000402f44b8       0xc0 env/attr.o
 .text.env_attr_walk
                0x00000000402f4578       0xa4 env/attr.o
                0x00000000402f4578                env_attr_walk
 .text.env_attr_lookup
                0x00000000402f461c       0x40 env/attr.o
                0x00000000402f461c                env_attr_lookup
 .text.skip_num
                0x00000000402f465c       0x3c env/flags.o
 .text.env_flags_parse_vartype
                0x00000000402f4698       0x30 env/flags.o
                0x00000000402f4698                env_flags_parse_vartype
 .text.env_flags_parse_varaccess
                0x00000000402f46c8       0x30 env/flags.o
                0x00000000402f46c8                env_flags_parse_varaccess
 .text.eth_validate_ethaddr_str
                0x00000000402f46f8       0x52 env/flags.o
                0x00000000402f46f8                eth_validate_ethaddr_str
 *fill*         0x00000000402f474a        0x2 
 .text.env_flags_init
                0x00000000402f474c       0x90 env/flags.o
                0x00000000402f474c                env_flags_init
 .text.env_flags_validate
                0x00000000402f47dc      0x188 env/flags.o
                0x00000000402f47dc                env_flags_validate
 .text.env_nowhere_init
                0x00000000402f4964        0x8 env/nowhere.o
 .text.env_nowhere_load
                0x00000000402f496c        0x8 env/nowhere.o
 .text.fdt_check_header
                0x00000000402f4974       0x14 lib/libfdt/fdt.o
                0x00000000402f4974                fdt_check_header
 .text.fdt_offset_ptr
                0x00000000402f4988       0x20 lib/libfdt/fdt.o
                0x00000000402f4988                fdt_offset_ptr
 .text.fdt_next_tag
                0x00000000402f49a8       0x74 lib/libfdt/fdt.o
                0x00000000402f49a8                fdt_next_tag
 .text.fdt_check_node_offset_
                0x00000000402f4a1c       0x24 lib/libfdt/fdt.o
                0x00000000402f4a1c                fdt_check_node_offset_
 .text.fdt_check_prop_offset_
                0x00000000402f4a40       0x24 lib/libfdt/fdt.o
                0x00000000402f4a40                fdt_check_prop_offset_
 .text.fdt_next_node
                0x00000000402f4a64       0x6e lib/libfdt/fdt.o
                0x00000000402f4a64                fdt_next_node
 .text.fdt_first_subnode
                0x00000000402f4ad2       0x26 lib/libfdt/fdt.o
                0x00000000402f4ad2                fdt_first_subnode
 .text.fdt_next_subnode
                0x00000000402f4af8       0x2a lib/libfdt/fdt.o
                0x00000000402f4af8                fdt_next_subnode
 .text.fdt_find_string_
                0x00000000402f4b22       0x30 lib/libfdt/fdt.o
                0x00000000402f4b22                fdt_find_string_
 .text.fdt_mem_rsv
                0x00000000402f4b52        0xc lib/libfdt/fdt_ro.o
 .text.fdt_get_property_by_offset_
                0x00000000402f4b5e       0x12 lib/libfdt/fdt_ro.o
 .text.nextprop_.part.0
                0x00000000402f4b70       0x32 lib/libfdt/fdt_ro.o
 .text.fdt_supernode_atdepth_offset.part.1
                0x00000000402f4ba2       0x4e lib/libfdt/fdt_ro.o
 .text.fdt_get_string
                0x00000000402f4bf0       0x1a lib/libfdt/fdt_ro.o
                0x00000000402f4bf0                fdt_get_string
 .text.fdt_string
                0x00000000402f4c0a        0x6 lib/libfdt/fdt_ro.o
                0x00000000402f4c0a                fdt_string
 .text.fdt_get_mem_rsv
                0x00000000402f4c10       0x24 lib/libfdt/fdt_ro.o
                0x00000000402f4c10                fdt_get_mem_rsv
 .text.fdt_num_mem_rsv
                0x00000000402f4c34       0x2a lib/libfdt/fdt_ro.o
                0x00000000402f4c34                fdt_num_mem_rsv
 .text.fdt_get_name
                0x00000000402f4c5e       0x1c lib/libfdt/fdt_ro.o
                0x00000000402f4c5e                fdt_get_name
 .text.fdt_subnode_offset_namelen
                0x00000000402f4c7a       0x76 lib/libfdt/fdt_ro.o
                0x00000000402f4c7a                fdt_subnode_offset_namelen
 .text.fdt_subnode_offset
                0x00000000402f4cf0       0x1e lib/libfdt/fdt_ro.o
                0x00000000402f4cf0                fdt_subnode_offset
 .text.fdt_first_property_offset
                0x00000000402f4d0e       0x18 lib/libfdt/fdt_ro.o
                0x00000000402f4d0e                fdt_first_property_offset
 .text.fdt_next_property_offset
                0x00000000402f4d26       0x18 lib/libfdt/fdt_ro.o
                0x00000000402f4d26                fdt_next_property_offset
 .text.fdt_get_property_namelen_
                0x00000000402f4d3e       0x6e lib/libfdt/fdt_ro.o
 .text.fdt_get_property_namelen
                0x00000000402f4dac       0x12 lib/libfdt/fdt_ro.o
                0x00000000402f4dac                fdt_get_property_namelen
 .text.fdt_get_property
                0x00000000402f4dbe       0x22 lib/libfdt/fdt_ro.o
                0x00000000402f4dbe                fdt_get_property
 .text.fdt_getprop_namelen
                0x00000000402f4de0       0x16 lib/libfdt/fdt_ro.o
                0x00000000402f4de0                fdt_getprop_namelen
 .text.fdt_getprop_by_offset
                0x00000000402f4df6       0x24 lib/libfdt/fdt_ro.o
                0x00000000402f4df6                fdt_getprop_by_offset
 .text.fdt_getprop
                0x00000000402f4e1a       0x22 lib/libfdt/fdt_ro.o
                0x00000000402f4e1a                fdt_getprop
 .text.fdt_get_alias_namelen
                0x00000000402f4e3c       0x2c lib/libfdt/fdt_ro.o
                0x00000000402f4e3c                fdt_get_alias_namelen
 .text.fdt_path_offset_namelen
                0x00000000402f4e68       0x80 lib/libfdt/fdt_ro.o
                0x00000000402f4e68                fdt_path_offset_namelen
 .text.fdt_path_offset
                0x00000000402f4ee8       0x1a lib/libfdt/fdt_ro.o
                0x00000000402f4ee8                fdt_path_offset
 .text.fdt_supernode_atdepth_offset
                0x00000000402f4f02        0xe lib/libfdt/fdt_ro.o
                0x00000000402f4f02                fdt_supernode_atdepth_offset
 .text.fdt_node_depth
                0x00000000402f4f10       0x14 lib/libfdt/fdt_ro.o
                0x00000000402f4f10                fdt_node_depth
 .text.fdt_parent_offset
                0x00000000402f4f24       0x20 lib/libfdt/fdt_ro.o
                0x00000000402f4f24                fdt_parent_offset
 .text.fdt_strerror
                0x00000000402f4f44       0x3c lib/libfdt/fdt_strerror.o
                0x00000000402f4f44                fdt_strerror
 .text.fdt_splice_
                0x00000000402f4f80       0x4a lib/libfdt/fdt_rw.o
 .text.fdt_splice_mem_rsv_
                0x00000000402f4fca       0x2c lib/libfdt/fdt_rw.o
 .text.fdt_splice_struct_
                0x00000000402f4ff6       0x26 lib/libfdt/fdt_rw.o
 .text.fdt_add_property_
                0x00000000402f501c       0xbe lib/libfdt/fdt_rw.o
 .text.fdt_add_mem_rsv
                0x00000000402f50da       0x44 lib/libfdt/fdt_rw.o
                0x00000000402f50da                fdt_add_mem_rsv
 .text.fdt_del_mem_rsv
                0x00000000402f511e       0x2e lib/libfdt/fdt_rw.o
                0x00000000402f511e                fdt_del_mem_rsv
 .text.fdt_setprop_placeholder
                0x00000000402f514c       0x64 lib/libfdt/fdt_rw.o
                0x00000000402f514c                fdt_setprop_placeholder
 .text.fdt_setprop
                0x00000000402f51b0       0x26 lib/libfdt/fdt_rw.o
                0x00000000402f51b0                fdt_setprop
 .text.fdt_add_subnode_namelen
                0x00000000402f51d6       0x88 lib/libfdt/fdt_rw.o
                0x00000000402f51d6                fdt_add_subnode_namelen
 .text.fdt_add_subnode
                0x00000000402f525e       0x1e lib/libfdt/fdt_rw.o
                0x00000000402f525e                fdt_add_subnode
 .text.fdt_cells
                0x00000000402f527c       0x2c lib/libfdt/fdt_addresses.o
 .text.fdt_address_cells
                0x00000000402f52a8       0x1c lib/libfdt/fdt_addresses.o
                0x00000000402f52a8                fdt_address_cells
 .text.fdt_size_cells
                0x00000000402f52c4       0x18 lib/libfdt/fdt_addresses.o
                0x00000000402f52c4                fdt_size_cells
 .text.crc16_ccitt
                0x00000000402f52dc       0x24 lib/crc16.o
                0x00000000402f52dc                crc16_ccitt
 .text.string_to_ip
                0x00000000402f5300       0x46 lib/net_utils.o
                0x00000000402f5300                string_to_ip
 .text.string_to_enetaddr
                0x00000000402f5346       0x30 lib/net_utils.o
                0x00000000402f5346                string_to_enetaddr
 .text.compute_ip_checksum
                0x00000000402f5376       0x42 lib/net_utils.o
                0x00000000402f5376                compute_ip_checksum
 .text.ip_checksum_ok
                0x00000000402f53b8       0x14 lib/net_utils.o
                0x00000000402f53b8                ip_checksum_ok
 .text.drop_var_from_set.part.2
                0x00000000402f53cc       0x30 lib/hashtable.o
 .text.hcreate_r
                0x00000000402f53fc       0x5c lib/hashtable.o
                0x00000000402f53fc                hcreate_r
 .text.hdestroy_r
                0x00000000402f5458       0x14 lib/hashtable.o
                0x00000000402f5458                hdestroy_r
 .text.hsearch_r
                0x00000000402f546c      0x220 lib/hashtable.o
                0x00000000402f546c                hsearch_r
 .text.hdelete_r
                0x00000000402f568c       0x70 lib/hashtable.o
                0x00000000402f568c                hdelete_r
 .text.himport_r
                0x00000000402f56fc      0x234 lib/hashtable.o
                0x00000000402f56fc                himport_r
 .text.print_size
                0x00000000402f5930      0x110 lib/display_options.o
                0x00000000402f5930                print_size
 .text.__div64_32
                0x00000000402f5a40       0x8e lib/div64.o
                0x00000000402f5a40                __div64_32
 *fill*         0x00000000402f5ace        0x2 
 .text.fdtdec_get_is_enabled
                0x00000000402f5ad0       0x28 lib/fdtdec.o
                0x00000000402f5ad0                fdtdec_get_is_enabled
 .text.fdtdec_get_alias_highest_id
                0x00000000402f5af8       0x78 lib/fdtdec.o
                0x00000000402f5af8                fdtdec_get_alias_highest_id
 .text.fdtdec_get_bool
                0x00000000402f5b70       0x14 lib/fdtdec.o
                0x00000000402f5b70                fdtdec_get_bool
 .text.fdtdec_get_number
                0x00000000402f5b84       0x1e lib/fdtdec.o
                0x00000000402f5b84                fdtdec_get_number
 .text.fdt_get_resource
                0x00000000402f5ba2       0x8c lib/fdtdec.o
                0x00000000402f5ba2                fdt_get_resource
 *fill*         0x00000000402f5c2e        0x2 
 .text.hang     0x00000000402f5c30       0x10 lib/hang.o
                0x00000000402f5c30                hang
 .text.kmalloc  0x00000000402f5c40       0x28 lib/linux_compat.o
                0x00000000402f5c40                kmalloc
 .text.skip_spaces
                0x00000000402f5c68       0x18 lib/linux_string.o
                0x00000000402f5c68                skip_spaces
 .text.strim    0x00000000402f5c80       0x34 lib/linux_string.o
                0x00000000402f5c80                strim
 .text.lmb_overlaps_region
                0x00000000402f5cb4       0x2c lib/lmb.o
 .text.lmb_add_region_flags
                0x00000000402f5ce0      0x16e lib/lmb.o
 .text.lmb_add  0x00000000402f5e4e        0x6 lib/lmb.o
                0x00000000402f5e4e                lmb_add
 .text.lmb_reserve_flags
                0x00000000402f5e54        0x6 lib/lmb.o
                0x00000000402f5e54                lmb_reserve_flags
 .text.lmb_reserve
                0x00000000402f5e5a        0x8 lib/lmb.o
                0x00000000402f5e5a                lmb_reserve
 *fill*         0x00000000402f5e62        0x2 
 .text.arch_lmb_reserve_generic
                0x00000000402f5e64       0x7c lib/lmb.o
                0x00000000402f5e64                arch_lmb_reserve_generic
 .text.lmb_get_free_size
                0x00000000402f5ee0       0x4a lib/lmb.o
                0x00000000402f5ee0                lmb_get_free_size
 .text.board_lmb_reserve
                0x00000000402f5f2a        0x2 lib/lmb.o
                0x00000000402f5f2a                board_lmb_reserve
 .text.lmb_init_and_reserve
                0x00000000402f5f2c       0x46 lib/lmb.o
                0x00000000402f5f2c                lmb_init_and_reserve
 *fill*         0x00000000402f5f72        0x2 
 .text.emit     0x00000000402f5f74       0x20 lib/slre.o
 .text.store_char_in_data
                0x00000000402f5f94       0x24 lib/slre.o
 .text.get_escape_char
                0x00000000402f5fb8       0x4a lib/slre.o
 .text.relocate
                0x00000000402f6002       0x2a lib/slre.o
 .text.match    0x00000000402f602c      0x260 lib/slre.o
 .text.loop_greedy
                0x00000000402f628c       0x56 lib/slre.o
 .text.loop_non_greedy
                0x00000000402f62e2       0x4c lib/slre.o
 *fill*         0x00000000402f632e        0x2 
 .text.quantifier
                0x00000000402f6330       0x5c lib/slre.o
 .text.fixup_branch
                0x00000000402f638c       0x28 lib/slre.o
 .text.compile  0x00000000402f63b4      0x214 lib/slre.o
 .text.slre_compile
                0x00000000402f65c8       0x8c lib/slre.o
                0x00000000402f65c8                slre_compile
 .text.slre_match
                0x00000000402f6654       0x5c lib/slre.o
                0x00000000402f6654                slre_match
 .text.strncasecmp
                0x00000000402f66b0       0x44 lib/string.o
                0x00000000402f66b0                strncasecmp
 .text.strcasecmp
                0x00000000402f66f4        0x8 lib/string.o
                0x00000000402f66f4                strcasecmp
 .text.strcpy   0x00000000402f66fc       0x10 lib/string.o
                0x00000000402f66fc                strcpy
 .text.strncpy  0x00000000402f670c       0x18 lib/string.o
                0x00000000402f670c                strncpy
 .text.strcat   0x00000000402f6724       0x20 lib/string.o
                0x00000000402f6724                strcat
 .text.strcmp   0x00000000402f6744       0x16 lib/string.o
                0x00000000402f6744                strcmp
 .text.strncmp  0x00000000402f675a       0x22 lib/string.o
                0x00000000402f675a                strncmp
 .text.strchr   0x00000000402f677c       0x1a lib/string.o
                0x00000000402f677c                strchr
 .text.strlen   0x00000000402f6796       0x10 lib/string.o
                0x00000000402f6796                strlen
 .text.strlcpy  0x00000000402f67a6       0x2e lib/string.o
                0x00000000402f67a6                strlcpy
 .text.strrchr  0x00000000402f67d4       0x20 lib/string.o
                0x00000000402f67d4                strrchr
 .text.strdup   0x00000000402f67f4       0x22 lib/string.o
                0x00000000402f67f4                strdup
 .text.memmove  0x00000000402f6816       0x2a lib/string.o
                0x00000000402f6816                memmove
 .text.memcmp   0x00000000402f6840       0x1a lib/string.o
                0x00000000402f6840                memcmp
 .text.memchr   0x00000000402f685a       0x1c lib/string.o
                0x00000000402f685a                memchr
 *fill*         0x00000000402f6876        0x2 
 .text.udelay   0x00000000402f6878       0x24 lib/time.o
                0x00000000402f6878                udelay
 .text.uuid_str_valid
                0x00000000402f689c       0x50 lib/uuid.o
                0x00000000402f689c                uuid_str_valid
 .text.uuid_str_to_bin
                0x00000000402f68ec      0x11c lib/uuid.o
                0x00000000402f68ec                uuid_str_to_bin
 .text.panic_finish
                0x00000000402f6a08       0x20 lib/panic.o
 .text.panic_str
                0x00000000402f6a28        0xa lib/panic.o
                0x00000000402f6a28                panic_str
 .text.panic    0x00000000402f6a32       0x14 lib/panic.o
                0x00000000402f6a32                panic
 *fill*         0x00000000402f6a46        0x2 
 .text.__assert_fail
                0x00000000402f6a48       0x10 lib/panic.o
                0x00000000402f6a48                __assert_fail
 .text.putc_outstr
                0x00000000402f6a58        0xa lib/tiny-printf.o
 .text.putc_normal
                0x00000000402f6a62        0x6 lib/tiny-printf.o
 .text.mac_address_string
                0x00000000402f6a68       0x68 lib/tiny-printf.o
 .text.div_out  0x00000000402f6ad0       0x34 lib/tiny-printf.o
 .text._vprintf
                0x00000000402f6b04      0x298 lib/tiny-printf.o
 .text.vprintf  0x00000000402f6d9c       0x1c lib/tiny-printf.o
                0x00000000402f6d9c                vprintf
 .text.printf   0x00000000402f6db8       0x24 lib/tiny-printf.o
                0x00000000402f6db8                printf
 .text.sprintf  0x00000000402f6ddc       0x2c lib/tiny-printf.o
                0x00000000402f6ddc                sprintf
 .text.snprintf
                0x00000000402f6e08       0x2c lib/tiny-printf.o
                0x00000000402f6e08                snprintf
 .text._parse_integer_fixup_radix
                0x00000000402f6e34       0x38 lib/strto.o
 .text.decode_digit
                0x00000000402f6e6c       0x2c lib/strto.o
 .text.simple_strtoul
                0x00000000402f6e98       0x32 lib/strto.o
                0x00000000402f6e98                simple_strtoul
 .text.hextoul  0x00000000402f6eca        0x6 lib/strto.o
                0x00000000402f6eca                hextoul
 .text.dectoul  0x00000000402f6ed0        0x6 lib/strto.o
                0x00000000402f6ed0                dectoul
 .text.simple_strtol
                0x00000000402f6ed6       0x1a lib/strto.o
                0x00000000402f6ed6                simple_strtol
 .text.simple_strtoull
                0x00000000402f6ef0       0x48 lib/strto.o
                0x00000000402f6ef0                simple_strtoull
 .text.trailing_strtoln
                0x00000000402f6f38       0x44 lib/strto.o
                0x00000000402f6f38                trailing_strtoln
 .text.trailing_strtol
                0x00000000402f6f7c        0x6 lib/strto.o
                0x00000000402f6f7c                trailing_strtol
 *fill*         0x00000000402f6f82        0x2 
 .text.part_driver_lookup_type
                0x00000000402f6f84       0x44 disk/part.o
 .text.part_init
                0x00000000402f6fc8       0x2c disk/part.o
                0x00000000402f6fc8                part_init
 .text.part_get_info
                0x00000000402f6ff4       0x30 disk/part.o
                0x00000000402f6ff4                part_get_info
 .text.part_set_generic_name
                0x00000000402f7024       0x34 disk/part.o
                0x00000000402f7024                part_set_generic_name
 .text.test_block_type
                0x00000000402f7058       0x78 disk/part_dos.o
 .text.part_test_dos
                0x00000000402f70d0       0x40 disk/part_dos.o
 .text.part_get_info_extended.constprop.1
                0x00000000402f7110      0x188 disk/part_dos.o
 .text.part_get_info_dos
                0x00000000402f7298       0x16 disk/part_dos.o
 .text.alloc_priv
                0x00000000402f72ae       0x38 drivers/core/device.o
 .text.device_bind_common.isra.6
                0x00000000402f72e6      0x154 drivers/core/device.o
 .text.device_bind_with_driver_data
                0x00000000402f743a        0x8 drivers/core/device.o
                0x00000000402f743a                device_bind_with_driver_data
 .text.device_bind_by_name
                0x00000000402f7442       0x3c drivers/core/device.o
                0x00000000402f7442                device_bind_by_name
 .text.device_of_to_plat
                0x00000000402f747e       0x88 drivers/core/device.o
                0x00000000402f747e                device_of_to_plat
 .text.device_probe
                0x00000000402f7506       0x7e drivers/core/device.o
                0x00000000402f7506                device_probe
 .text.dev_get_plat
                0x00000000402f7584        0x6 drivers/core/device.o
                0x00000000402f7584                dev_get_plat
 .text.dev_get_parent_plat
                0x00000000402f758a        0x6 drivers/core/device.o
                0x00000000402f758a                dev_get_parent_plat
 .text.dev_get_uclass_plat
                0x00000000402f7590        0x6 drivers/core/device.o
                0x00000000402f7590                dev_get_uclass_plat
 .text.dev_get_priv
                0x00000000402f7596        0x6 drivers/core/device.o
                0x00000000402f7596                dev_get_priv
 .text.dev_get_uclass_priv
                0x00000000402f759c        0x6 drivers/core/device.o
                0x00000000402f759c                dev_get_uclass_priv
 .text.dev_get_parent_priv
                0x00000000402f75a2        0x6 drivers/core/device.o
                0x00000000402f75a2                dev_get_parent_priv
 .text.device_find_first_child
                0x00000000402f75a8       0x12 drivers/core/device.o
                0x00000000402f75a8                device_find_first_child
 .text.device_find_next_child
                0x00000000402f75ba       0x16 drivers/core/device.o
                0x00000000402f75ba                device_find_next_child
 .text.device_find_first_child_by_uclass
                0x00000000402f75d0       0x32 drivers/core/device.o
                0x00000000402f75d0                device_find_first_child_by_uclass
 .text.dev_get_parent
                0x00000000402f7602        0x4 drivers/core/device.o
                0x00000000402f7602                dev_get_parent
 .text.device_get_uclass_id
                0x00000000402f7606        0x8 drivers/core/device.o
                0x00000000402f7606                device_get_uclass_id
 .text.device_set_name_alloced
                0x00000000402f760e        0xa drivers/core/device.o
                0x00000000402f760e                device_set_name_alloced
 .text.dev_set_plat
                0x00000000402f7618        0x4 drivers/core/device.o
                0x00000000402f7618                dev_set_plat
 .text.devfdt_get_addr
                0x00000000402f761c        0x6 drivers/core/fdtaddr.o
                0x00000000402f761c                devfdt_get_addr
 .text.devfdt_get_addr_pci
                0x00000000402f7622        0x6 drivers/core/fdtaddr.o
                0x00000000402f7622                devfdt_get_addr_pci
 .text.lists_driver_lookup_name
                0x00000000402f7628       0x2c drivers/core/lists.o
                0x00000000402f7628                lists_driver_lookup_name
 .text.lists_uclass_lookup
                0x00000000402f7654       0x20 drivers/core/lists.o
                0x00000000402f7654                lists_uclass_lookup
 .text.lists_bind_drivers
                0x00000000402f7674       0x6c drivers/core/lists.o
                0x00000000402f7674                lists_bind_drivers
 .text.device_bind_driver_to_node
                0x00000000402f76e0       0x2c drivers/core/lists.o
                0x00000000402f76e0                device_bind_driver_to_node
 .text.device_bind_driver
                0x00000000402f770c       0x12 drivers/core/lists.o
                0x00000000402f770c                device_bind_driver
 .text.dm_fixup_for_gd_move
                0x00000000402f771e       0x12 drivers/core/root.o
                0x00000000402f771e                dm_fixup_for_gd_move
 .text.dm_init  0x00000000402f7730       0x3c drivers/core/root.o
                0x00000000402f7730                dm_init
 .text.dm_scan_plat
                0x00000000402f776c       0x16 drivers/core/root.o
                0x00000000402f776c                dm_scan_plat
 .text.dm_scan_other
                0x00000000402f7782        0x4 drivers/core/root.o
                0x00000000402f7782                dm_scan_other
 .text.dm_init_and_scan
                0x00000000402f7786       0x20 drivers/core/root.o
                0x00000000402f7786                dm_init_and_scan
 .text.uclass_find
                0x00000000402f77a6       0x32 drivers/core/uclass.o
                0x00000000402f77a6                uclass_find
 .text.uclass_get
                0x00000000402f77d8       0xa0 drivers/core/uclass.o
                0x00000000402f77d8                uclass_get
 .text.uclass_get_priv
                0x00000000402f7878        0x4 drivers/core/uclass.o
                0x00000000402f7878                uclass_get_priv
 .text.uclass_find_device
                0x00000000402f787c       0x42 drivers/core/uclass.o
                0x00000000402f787c                uclass_find_device
 .text.uclass_find_first_device
                0x00000000402f78be       0x22 drivers/core/uclass.o
                0x00000000402f78be                uclass_find_first_device
 .text.uclass_find_next_device
                0x00000000402f78e0       0x18 drivers/core/uclass.o
                0x00000000402f78e0                uclass_find_next_device
 .text.uclass_find_next_free_seq
                0x00000000402f78f8       0x46 drivers/core/uclass.o
                0x00000000402f78f8                uclass_find_next_free_seq
 .text.uclass_find_device_by_seq
                0x00000000402f793e       0x42 drivers/core/uclass.o
                0x00000000402f793e                uclass_find_device_by_seq
 .text.uclass_get_device_tail
                0x00000000402f7980       0x16 drivers/core/uclass.o
                0x00000000402f7980                uclass_get_device_tail
 .text.uclass_get_device
                0x00000000402f7996       0x1c drivers/core/uclass.o
                0x00000000402f7996                uclass_get_device
 .text.uclass_get_device_by_seq
                0x00000000402f79b2       0x1c drivers/core/uclass.o
                0x00000000402f79b2                uclass_get_device_by_seq
 .text.uclass_first_device
                0x00000000402f79ce       0x1e drivers/core/uclass.o
                0x00000000402f79ce                uclass_first_device
 .text.uclass_next_device
                0x00000000402f79ec       0x22 drivers/core/uclass.o
                0x00000000402f79ec                uclass_next_device
 .text.uclass_first_device_check
                0x00000000402f7a0e       0x1e drivers/core/uclass.o
                0x00000000402f7a0e                uclass_first_device_check
 .text.uclass_next_device_check
                0x00000000402f7a2c       0x1a drivers/core/uclass.o
                0x00000000402f7a2c                uclass_next_device_check
 .text.uclass_bind_device
                0x00000000402f7a46       0x3a drivers/core/uclass.o
                0x00000000402f7a46                uclass_bind_device
 .text.uclass_pre_probe_device
                0x00000000402f7a80       0x2e drivers/core/uclass.o
                0x00000000402f7a80                uclass_pre_probe_device
 .text.uclass_post_probe_device
                0x00000000402f7aae       0x2e drivers/core/uclass.o
                0x00000000402f7aae                uclass_post_probe_device
 .text.ofnode_read_u32_index
                0x00000000402f7adc       0x3e drivers/core/ofnode.o
                0x00000000402f7adc                ofnode_read_u32_index
 .text.ofnode_read_u32
                0x00000000402f7b1a        0x8 drivers/core/ofnode.o
                0x00000000402f7b1a                ofnode_read_u32
 .text.ofnode_read_u32_default
                0x00000000402f7b22       0x14 drivers/core/ofnode.o
                0x00000000402f7b22                ofnode_read_u32_default
 .text.ofnode_find_subnode
                0x00000000402f7b36       0x16 drivers/core/ofnode.o
                0x00000000402f7b36                ofnode_find_subnode
 .text.ofnode_get_property
                0x00000000402f7b4c       0x14 drivers/core/ofnode.o
                0x00000000402f7b4c                ofnode_get_property
 .text.ofnode_read_bool
                0x00000000402f7b60       0x10 drivers/core/ofnode.o
                0x00000000402f7b60                ofnode_read_bool
 .text._gpio_get_value
                0x00000000402f7b70       0x1e drivers/gpio/gpio-uclass.o
 .text.gpio_post_bind
                0x00000000402f7b8e        0x4 drivers/gpio/gpio-uclass.o
 .text.gpio_to_device
                0x00000000402f7b92       0x48 drivers/gpio/gpio-uclass.o
 *fill*         0x00000000402f7bda        0x2 
 .text.check_reserved
                0x00000000402f7bdc       0x4c drivers/gpio/gpio-uclass.o
 .text.gpio_renumber
                0x00000000402f7c28       0x46 drivers/gpio/gpio-uclass.o
 .text.gpio_pre_remove
                0x00000000402f7c6e       0x12 drivers/gpio/gpio-uclass.o
 .text.gpio_post_probe
                0x00000000402f7c80       0x24 drivers/gpio/gpio-uclass.o
 .text.dm_gpio_request
                0x00000000402f7ca4       0x5a drivers/gpio/gpio-uclass.o
                0x00000000402f7ca4                dm_gpio_request
 .text.gpio_request
                0x00000000402f7cfe       0x18 drivers/gpio/gpio-uclass.o
                0x00000000402f7cfe                gpio_request
 *fill*         0x00000000402f7d16        0x2 
 .text.dm_gpio_get_value
                0x00000000402f7d18       0x1c drivers/gpio/gpio-uclass.o
                0x00000000402f7d18                dm_gpio_get_value
 .text.dm_gpio_clrset_flags
                0x00000000402f7d34       0x94 drivers/gpio/gpio-uclass.o
                0x00000000402f7d34                dm_gpio_clrset_flags
 .text.gpio_direction_output
                0x00000000402f7dc8       0x20 drivers/gpio/gpio-uclass.o
                0x00000000402f7dc8                gpio_direction_output
 .text.omap_gpio_direction_input
                0x00000000402f7de8       0x1c drivers/gpio/omap_gpio.o
 .text.omap_gpio_probe
                0x00000000402f7e04       0x48 drivers/gpio/omap_gpio.o
 .text.omap_gpio_direction_output
                0x00000000402f7e4c       0x32 drivers/gpio/omap_gpio.o
 .text.omap_gpio_get_value
                0x00000000402f7e7e       0x2c drivers/gpio/omap_gpio.o
 .text.omap_gpio_bind
                0x00000000402f7eaa       0x4e drivers/gpio/omap_gpio.o
 .text.omap_gpio_get_function
                0x00000000402f7ef8       0x1c drivers/gpio/omap_gpio.o
 .text.omap_gpio_set_value
                0x00000000402f7f14       0x22 drivers/gpio/omap_gpio.o
 .text.i2c_setup_offset
                0x00000000402f7f36       0x44 drivers/i2c/i2c-uclass.o
 .text.i2c_probe_chip
                0x00000000402f7f7a       0x44 drivers/i2c/i2c-uclass.o
 .text.i2c_pre_probe
                0x00000000402f7fbe        0x4 drivers/i2c/i2c-uclass.o
 .text.i2c_child_post_bind
                0x00000000402f7fc2        0x4 drivers/i2c/i2c-uclass.o
 .text.i2c_post_bind
                0x00000000402f7fc6        0x4 drivers/i2c/i2c-uclass.o
 .text.i2c_post_probe
                0x00000000402f7fca        0x4 drivers/i2c/i2c-uclass.o
 .text.dm_i2c_read
                0x00000000402f7fce       0xe0 drivers/i2c/i2c-uclass.o
                0x00000000402f7fce                dm_i2c_read
 .text.dm_i2c_write
                0x00000000402f80ae      0x128 drivers/i2c/i2c-uclass.o
                0x00000000402f80ae                dm_i2c_write
 .text.dm_i2c_reg_read
                0x00000000402f81d6       0x1a drivers/i2c/i2c-uclass.o
                0x00000000402f81d6                dm_i2c_reg_read
 .text.dm_i2c_reg_write
                0x00000000402f81f0       0x16 drivers/i2c/i2c-uclass.o
                0x00000000402f81f0                dm_i2c_reg_write
 *fill*         0x00000000402f8206        0x2 
 .text.i2c_get_chip
                0x00000000402f8208       0x84 drivers/i2c/i2c-uclass.o
                0x00000000402f8208                i2c_get_chip
 .text.i2c_get_chip_for_busnum
                0x00000000402f828c       0x30 drivers/i2c/i2c-uclass.o
                0x00000000402f828c                i2c_get_chip_for_busnum
 .text.dm_i2c_probe
                0x00000000402f82bc       0x24 drivers/i2c/i2c-uclass.o
                0x00000000402f82bc                dm_i2c_probe
 .text.i2c_set_chip_offset_len
                0x00000000402f82e0       0x16 drivers/i2c/i2c-uclass.o
                0x00000000402f82e0                i2c_set_chip_offset_len
 *fill*         0x00000000402f82f6        0x2 
 .text.__omap24_i2c_setspeed
                0x00000000402f82f8      0x128 drivers/i2c/omap24xx_i2c.o
 .text.omap_i2c_set_bus_speed
                0x00000000402f8420       0x1c drivers/i2c/omap24xx_i2c.o
 .text.wait_for_bb
                0x00000000402f843c       0x80 drivers/i2c/omap24xx_i2c.o
 .text.wait_for_event
                0x00000000402f84bc       0x78 drivers/i2c/omap24xx_i2c.o
 .text.flush_fifo
                0x00000000402f8534       0x40 drivers/i2c/omap24xx_i2c.o
 .text.omap_i2c_probe_chip
                0x00000000402f8574       0xd4 drivers/i2c/omap24xx_i2c.o
 .text.omap_i2c_xfer
                0x00000000402f8648      0x248 drivers/i2c/omap24xx_i2c.o
 .text.omap_i2c_probe
                0x00000000402f8890      0x1c4 drivers/i2c/omap24xx_i2c.o
 .text.mmc_send_op_cond_iter
                0x00000000402f8a54       0x44 drivers/mmc/mmc.o
 .text.mmc_go_idle
                0x00000000402f8a98       0x32 drivers/mmc/mmc.o
 .text.mmc_set_capacity
                0x00000000402f8aca       0x6c drivers/mmc/mmc.o
 .text.mmc_send_status
                0x00000000402f8b36       0x36 drivers/mmc/mmc.o
                0x00000000402f8b36                mmc_send_status
 .text.__mmc_switch.constprop.12
                0x00000000402f8b6c       0xbc drivers/mmc/mmc.o
 .text.mmc_set_blocklen
                0x00000000402f8c28       0x26 drivers/mmc/mmc.o
                0x00000000402f8c28                mmc_set_blocklen
 .text.mmc_bread
                0x00000000402f8c4e       0xd2 drivers/mmc/mmc.o
                0x00000000402f8c4e                mmc_bread
 .text.mmc_send_ext_csd
                0x00000000402f8d20       0x2e drivers/mmc/mmc.o
                0x00000000402f8d20                mmc_send_ext_csd
 *fill*         0x00000000402f8d4e        0x2 
 .text.mmc_read_and_compare_ext_csd
                0x00000000402f8d50       0x78 drivers/mmc/mmc.o
 .text.mmc_set_card_speed.constprop.11
                0x00000000402f8dc8       0x68 drivers/mmc/mmc.o
 .text.mmc_switch
                0x00000000402f8e30        0x4 drivers/mmc/mmc.o
                0x00000000402f8e30                mmc_switch
 .text.mmc_startup_v4
                0x00000000402f8e34      0x204 drivers/mmc/mmc.o
 .text.mmc_switch_part
                0x00000000402f9038       0x56 drivers/mmc/mmc.o
                0x00000000402f9038                mmc_switch_part
 .text.mmc_set_clock
                0x00000000402f908e       0x20 drivers/mmc/mmc.o
                0x00000000402f908e                mmc_set_clock
 *fill*         0x00000000402f90ae        0x2 
 .text.mmc_startup
                0x00000000402f90b0      0x70c drivers/mmc/mmc.o
 .text.mmc_get_op_cond
                0x00000000402f97bc      0x1a4 drivers/mmc/mmc.o
                0x00000000402f97bc                mmc_get_op_cond
 .text.mmc_start_init
                0x00000000402f9960       0x3a drivers/mmc/mmc.o
                0x00000000402f9960                mmc_start_init
 .text.mmc_init
                0x00000000402f999a       0xa6 drivers/mmc/mmc.o
                0x00000000402f999a                mmc_init
 .text.mmc_init_device
                0x00000000402f9a40       0x44 drivers/mmc/mmc.o
                0x00000000402f9a40                mmc_init_device
 .text.mmc_blk_probe
                0x00000000402f9a84       0x14 drivers/mmc/mmc-uclass.o
 .text.mmc_set_ios
                0x00000000402f9a98       0x14 drivers/mmc/mmc-uclass.o
                0x00000000402f9a98                mmc_set_ios
 .text.mmc_wait_dat0
                0x00000000402f9aac       0x14 drivers/mmc/mmc-uclass.o
                0x00000000402f9aac                mmc_wait_dat0
 .text.mmc_getcd
                0x00000000402f9ac0       0x14 drivers/mmc/mmc-uclass.o
                0x00000000402f9ac0                mmc_getcd
 .text.mmc_host_power_cycle
                0x00000000402f9ad4       0x12 drivers/mmc/mmc-uclass.o
                0x00000000402f9ad4                mmc_host_power_cycle
 .text.mmc_deferred_probe
                0x00000000402f9ae6       0x12 drivers/mmc/mmc-uclass.o
                0x00000000402f9ae6                mmc_deferred_probe
 .text.mmc_reinit
                0x00000000402f9af8       0x12 drivers/mmc/mmc-uclass.o
                0x00000000402f9af8                mmc_reinit
 .text.mmc_get_mmc_dev
                0x00000000402f9b0a       0x16 drivers/mmc/mmc-uclass.o
                0x00000000402f9b0a                mmc_get_mmc_dev
 .text.mmc_get_b_max
                0x00000000402f9b20       0x2e drivers/mmc/mmc-uclass.o
                0x00000000402f9b20                mmc_get_b_max
 .text.mmc_send_cmd
                0x00000000402f9b4e       0x2a drivers/mmc/mmc-uclass.o
                0x00000000402f9b4e                mmc_send_cmd
 .text.mmc_select_hwpart
                0x00000000402f9b78       0x3a drivers/mmc/mmc-uclass.o
 *fill*         0x00000000402f9bb2        0x2 
 .text.find_mmc_device
                0x00000000402f9bb4       0x30 drivers/mmc/mmc-uclass.o
                0x00000000402f9bb4                find_mmc_device
 .text.mmc_get_blk_desc
                0x00000000402f9be4       0x1c drivers/mmc/mmc-uclass.o
                0x00000000402f9be4                mmc_get_blk_desc
 .text.mmc_bind
                0x00000000402f9c00       0x68 drivers/mmc/mmc-uclass.o
                0x00000000402f9c00                mmc_bind
 .text.mmc_reset_controller_fsm
                0x00000000402f9c68       0x7c drivers/mmc/omap_hsmmc.o
 .text.omap_hsmmc_wait_dat0
                0x00000000402f9ce4       0x68 drivers/mmc/omap_hsmmc.o
 .text.omap_hsmmc_getwp
                0x00000000402f9d4c       0x12 drivers/mmc/omap_hsmmc.o
 .text.omap_hsmmc_getcd
                0x00000000402f9d5e       0x14 drivers/mmc/omap_hsmmc.o
 .text.omap_hsmmc_bind
                0x00000000402f9d72       0x22 drivers/mmc/omap_hsmmc.o
 .text.omap_hsmmc_send_cmd
                0x00000000402f9d94      0x2d0 drivers/mmc/omap_hsmmc.o
 .text.omap_hsmmc_set_ios
                0x00000000402fa064      0x24c drivers/mmc/omap_hsmmc.o
 .text.omap_hsmmc_probe
                0x00000000402fa2b0      0x228 drivers/mmc/omap_hsmmc.o
 .text.genphy_shutdown
                0x00000000402fa4d8        0x4 drivers/net/phy/phy.o
                0x00000000402fa4d8                genphy_shutdown
 .text.genphy_restart_aneg
                0x00000000402fa4dc       0x48 drivers/net/phy/phy.o
                0x00000000402fa4dc                genphy_restart_aneg
 .text.genphy_config_aneg
                0x00000000402fa524      0x19c drivers/net/phy/phy.o
                0x00000000402fa524                genphy_config_aneg
 .text.genphy_config
                0x00000000402fa6c0       0xa4 drivers/net/phy/phy.o
                0x00000000402fa6c0                genphy_config
 .text.genphy_update_link
                0x00000000402fa764       0xf4 drivers/net/phy/phy.o
                0x00000000402fa764                genphy_update_link
 .text.genphy_parse_link
                0x00000000402fa858      0x14a drivers/net/phy/phy.o
                0x00000000402fa858                genphy_parse_link
 .text.genphy_startup
                0x00000000402fa9a2       0x16 drivers/net/phy/phy.o
                0x00000000402fa9a2                genphy_startup
 .text.phy_register
                0x00000000402fa9b8       0x18 drivers/net/phy/phy.o
                0x00000000402fa9b8                phy_register
 .text.phy_init
                0x00000000402fa9d0       0x18 drivers/net/phy/phy.o
                0x00000000402fa9d0                phy_init
 .text.phy_set_supported
                0x00000000402fa9e8       0x38 drivers/net/phy/phy.o
                0x00000000402fa9e8                phy_set_supported
 .text.get_phy_id
                0x00000000402faa20       0x3e drivers/net/phy/phy.o
                0x00000000402faa20                get_phy_id
 *fill*         0x00000000402faa5e        0x2 
 .text.get_phy_device_by_mask
                0x00000000402faa60      0x22c drivers/net/phy/phy.o
 .text.phy_reset
                0x00000000402fac8c       0x8c drivers/net/phy/phy.o
                0x00000000402fac8c                phy_reset
 .text.phy_find_by_mask
                0x00000000402fad18       0x24 drivers/net/phy/phy.o
                0x00000000402fad18                phy_find_by_mask
 .text.phy_connect_dev
                0x00000000402fad3c       0x30 drivers/net/phy/phy.o
                0x00000000402fad3c                phy_connect_dev
 .text.phy_connect
                0x00000000402fad6c       0x3c drivers/net/phy/phy.o
                0x00000000402fad6c                phy_connect
 .text.phy_startup
                0x00000000402fada8        0xc drivers/net/phy/phy.o
                0x00000000402fada8                phy_startup
 .text.board_phy_config
                0x00000000402fadb4        0xc drivers/net/phy/phy.o
                0x00000000402fadb4                board_phy_config
 .text.phy_config
                0x00000000402fadc0        0x4 drivers/net/phy/phy.o
                0x00000000402fadc0                phy_config
 .text.ar803x_debug_reg_mask
                0x00000000402fadc4       0x66 drivers/net/phy/atheros.o
 .text.ar8021_config
                0x00000000402fae2a       0x36 drivers/net/phy/atheros.o
 .text.ar803x_config
                0x00000000402fae60      0x318 drivers/net/phy/atheros.o
 .text.phy_atheros_init
                0x00000000402fb178       0x24 drivers/net/phy/atheros.o
                0x00000000402fb178                phy_atheros_init
 .text.smsc_startup
                0x00000000402fb19c       0x42 drivers/net/phy/smsc.o
 *fill*         0x00000000402fb1de        0x2 
 .text.phy_smsc_init
                0x00000000402fb1e0       0x44 drivers/net/phy/smsc.o
                0x00000000402fb1e0                phy_smsc_init
 .text.cpsw_ale_read.isra.0
                0x00000000402fb224       0x1c drivers/net/ti/cpsw.o
 .text.cpsw_ale_match_free
                0x00000000402fb240       0x32 drivers/net/ti/cpsw.o
 .text.cpsw_ale_find_ageable
                0x00000000402fb272       0x38 drivers/net/ti/cpsw.o
 .text.cpsw_ale_match_addr
                0x00000000402fb2aa       0x6e drivers/net/ti/cpsw.o
 .text.cpsw_ale_write.isra.1
                0x00000000402fb318       0x20 drivers/net/ti/cpsw.o
 .text.cpdma_submit
                0x00000000402fb338       0x4e drivers/net/ti/cpsw.o
 .text.cpsw_eth_free_pkt
                0x00000000402fb386       0x1a drivers/net/ti/cpsw.o
 .text.cpsw_eth_recv
                0x00000000402fb3a0       0x50 drivers/net/ti/cpsw.o
 .text.cpsw_gmii_sel_am3352.isra.4
                0x00000000402fb3f0       0x84 drivers/net/ti/cpsw.o
 .text.cpsw_ale_add_mcast.constprop.9
                0x00000000402fb474       0xc0 drivers/net/ti/cpsw.o
 .text.cpsw_eth_start
                0x00000000402fb534      0x3bc drivers/net/ti/cpsw.o
 .text.cpsw_reap_completed_packets
                0x00000000402fb8f0       0x36 drivers/net/ti/cpsw.o
 .text.cpsw_eth_stop
                0x00000000402fb926       0x38 drivers/net/ti/cpsw.o
 *fill*         0x00000000402fb95e        0x2 
 .text.cpsw_eth_send
                0x00000000402fb960       0x48 drivers/net/ti/cpsw.o
 .text._cpsw_register
                0x00000000402fb9a8      0x180 drivers/net/ti/cpsw.o
                0x00000000402fb9a8                _cpsw_register
 .text.cpsw_eth_probe
                0x00000000402fbb28       0xac drivers/net/ti/cpsw.o
 .text.ti_cm_get_macid
                0x00000000402fbbd4       0x6c drivers/net/ti/cpsw-common.o
                0x00000000402fbbd4                ti_cm_get_macid
 .text.cpsw_mdio_wait_for_user_access.isra.0
                0x00000000402fbc40       0x38 drivers/net/ti/cpsw_mdio.o
 .text.cpsw_mdio_read
                0x00000000402fbc78       0x52 drivers/net/ti/cpsw_mdio.o
 .text.cpsw_mdio_write
                0x00000000402fbcca       0x42 drivers/net/ti/cpsw_mdio.o
 .text.cpsw_mdio_get_alive
                0x00000000402fbd0c        0xe drivers/net/ti/cpsw_mdio.o
                0x00000000402fbd0c                cpsw_mdio_get_alive
 *fill*         0x00000000402fbd1a        0x2 
 .text.cpsw_mdio_init
                0x00000000402fbd1c       0xd0 drivers/net/ti/cpsw_mdio.o
                0x00000000402fbd1c                cpsw_mdio_init
 .text.tps65217_reg_read
                0x00000000402fbdec       0x14 drivers/power/pmic/pmic_tps65217.o
                0x00000000402fbdec                tps65217_reg_read
 .text.tps65217_reg_write
                0x00000000402fbe00       0x98 drivers/power/pmic/pmic_tps65217.o
                0x00000000402fbe00                tps65217_reg_write
 .text.tps65217_voltage_update
                0x00000000402fbe98       0x32 drivers/power/pmic/pmic_tps65217.o
                0x00000000402fbe98                tps65217_voltage_update
 *fill*         0x00000000402fbeca        0x2 
 .text.power_tps65217_init
                0x00000000402fbecc       0x24 drivers/power/pmic/pmic_tps65217.o
                0x00000000402fbecc                power_tps65217_init
 .text.power_tps65910_init
                0x00000000402fbef0       0x24 drivers/power/pmic/pmic_tps65910.o
                0x00000000402fbef0                power_tps65910_init
 .text.tps65910_set_i2c_control
                0x00000000402fbf14       0x28 drivers/power/pmic/pmic_tps65910.o
                0x00000000402fbf14                tps65910_set_i2c_control
 .text.tps65910_voltage_update
                0x00000000402fbf3c       0x60 drivers/power/pmic/pmic_tps65910.o
                0x00000000402fbf3c                tps65910_voltage_update
 .text._serial_putc
                0x00000000402fbf9c       0x22 drivers/serial/serial-uclass.o
 .text.serial_post_probe
                0x00000000402fbfbe       0x12 drivers/serial/serial-uclass.o
 .text.serial_pre_remove
                0x00000000402fbfd0        0x4 drivers/serial/serial-uclass.o
 .text.serial_putc
                0x00000000402fbfd4       0x12 drivers/serial/serial-uclass.o
                0x00000000402fbfd4                serial_putc
 .text.serial_puts
                0x00000000402fbfe6       0x1e drivers/serial/serial-uclass.o
                0x00000000402fbfe6                serial_puts
 .text.serial_getc
                0x00000000402fc004       0x28 drivers/serial/serial-uclass.o
                0x00000000402fc004                serial_getc
 .text.serial_tstc
                0x00000000402fc02c       0x1a drivers/serial/serial-uclass.o
                0x00000000402fc02c                serial_tstc
 .text.serial_setbrg
                0x00000000402fc046       0x1e drivers/serial/serial-uclass.o
                0x00000000402fc046                serial_setbrg
 .text.serial_init
                0x00000000402fc064       0x54 drivers/serial/serial-uclass.o
                0x00000000402fc064                serial_init
 .text.ns16550_serial_getinfo
                0x00000000402fc0b8       0x26 drivers/serial/ns16550.o
 .text.ns16550_writeb.isra.0
                0x00000000402fc0de       0x16 drivers/serial/ns16550.o
 .text.ns16550_serial_setconfig
                0x00000000402fc0f4       0x3c drivers/serial/ns16550.o
 .text.ns16550_readb.isra.1
                0x00000000402fc130       0x14 drivers/serial/ns16550.o
 .text.ns16550_setbrg
                0x00000000402fc144       0x42 drivers/serial/ns16550.o
 .text.ns16550_serial_setbrg
                0x00000000402fc186       0x24 drivers/serial/ns16550.o
 .text.ns16550_serial_pending
                0x00000000402fc1aa       0x28 drivers/serial/ns16550.o
 .text.ns16550_serial_putc
                0x00000000402fc1d2       0x32 drivers/serial/ns16550.o
 .text.ns16550_serial_getc
                0x00000000402fc204       0x26 drivers/serial/ns16550.o
 .text.ns16550_init
                0x00000000402fc22a       0x5e drivers/serial/ns16550.o
                0x00000000402fc22a                ns16550_init
 .text.ns16550_serial_probe
                0x00000000402fc288       0x46 drivers/serial/ns16550.o
                0x00000000402fc288                ns16550_serial_probe
 .text.musb_gadget_enable
                0x00000000402fc2ce      0x19e drivers/usb/musb-new/musb_gadget.o
 .text.musb_free_request
                0x00000000402fc46c        0x2 drivers/usb/musb-new/musb_gadget.o
                0x00000000402fc46c                musb_free_request
 .text.musb_gadget_fifo_status
                0x00000000402fc46e       0x26 drivers/usb/musb-new/musb_gadget.o
 .text.musb_gadget_fifo_flush
                0x00000000402fc494       0x50 drivers/usb/musb-new/musb_gadget.o
 .text.musb_gadget_get_frame
                0x00000000402fc4e4        0xc drivers/usb/musb-new/musb_gadget.o
 .text.musb_gadget_wakeup
                0x00000000402fc4f0        0x4 drivers/usb/musb-new/musb_gadget.o
 .text.musb_gadget_set_self_powered
                0x00000000402fc4f4       0x16 drivers/usb/musb-new/musb_gadget.o
 .text.musb_gadget_vbus_draw
                0x00000000402fc50a        0x4 drivers/usb/musb-new/musb_gadget.o
 .text.txstate  0x00000000402fc50e       0x70 drivers/usb/musb-new/musb_gadget.o
 .text.musb_alloc_request
                0x00000000402fc57e       0x22 drivers/usb/musb-new/musb_gadget.o
                0x00000000402fc57e                musb_alloc_request
 .text.musb_gadget_stop
                0x00000000402fc5a0        0xe drivers/usb/musb-new/musb_gadget.o
 *fill*         0x00000000402fc5ae        0x2 
 .text.init_peripheral_ep
                0x00000000402fc5b0       0xb0 drivers/usb/musb-new/musb_gadget.o
 .text.musb_gadget_start
                0x00000000402fc660       0x2a drivers/usb/musb-new/musb_gadget.o
                0x00000000402fc660                musb_gadget_start
 .text.musb_gadget_pullup
                0x00000000402fc68a       0x38 drivers/usb/musb-new/musb_gadget.o
 .text.musb_g_giveback
                0x00000000402fc6c2       0x32 drivers/usb/musb-new/musb_gadget.o
                0x00000000402fc6c2                musb_g_giveback
 .text.rxstate  0x00000000402fc6f4       0x9a drivers/usb/musb-new/musb_gadget.o
 .text.musb_gadget_dequeue
                0x00000000402fc78e       0x40 drivers/usb/musb-new/musb_gadget.o
 .text.musb_gadget_disable
                0x00000000402fc7ce       0x68 drivers/usb/musb-new/musb_gadget.o
 .text.musb_g_tx
                0x00000000402fc836       0xdc drivers/usb/musb-new/musb_gadget.o
                0x00000000402fc836                musb_g_tx
 .text.musb_g_rx
                0x00000000402fc912       0x6e drivers/usb/musb-new/musb_gadget.o
                0x00000000402fc912                musb_g_rx
 .text.musb_ep_restart
                0x00000000402fc980       0x1e drivers/usb/musb-new/musb_gadget.o
                0x00000000402fc980                musb_ep_restart
 .text.musb_gadget_set_halt
                0x00000000402fc99e       0xb2 drivers/usb/musb-new/musb_gadget.o
 .text.musb_gadget_queue
                0x00000000402fca50       0x72 drivers/usb/musb-new/musb_gadget.o
 *fill*         0x00000000402fcac2        0x2 
 .text.musb_gadget_setup
                0x00000000402fcac4       0x90 drivers/usb/musb-new/musb_gadget.o
                0x00000000402fcac4                musb_gadget_setup
 .text.musb_g_ep0_enable
                0x00000000402fcb54        0x6 drivers/usb/musb-new/musb_gadget_ep0.o
 .text.musb_g_ep0_disable
                0x00000000402fcb5a        0x6 drivers/usb/musb-new/musb_gadget_ep0.o
 .text.musb_g_ep0_halt
                0x00000000402fcb60       0x60 drivers/usb/musb-new/musb_gadget_ep0.o
 .text.musb_g_ep0_dequeue
                0x00000000402fcbc0        0x6 drivers/usb/musb-new/musb_gadget_ep0.o
 .text.ep0_txstate
                0x00000000402fcbc6       0x9a drivers/usb/musb-new/musb_gadget_ep0.o
 .text.musb_g_ep0_queue
                0x00000000402fcc60       0xb0 drivers/usb/musb-new/musb_gadget_ep0.o
 .text.musb_g_ep0_irq
                0x00000000402fcd10      0x5f4 drivers/usb/musb-new/musb_gadget_ep0.o
                0x00000000402fcd10                musb_g_ep0_irq
 .text.fifo_setup
                0x00000000402fd304      0x100 drivers/usb/musb-new/musb_core.o
 .text.musb_write_fifo
                0x00000000402fd404       0x74 drivers/usb/musb-new/musb_core.o
                0x00000000402fd404                musb_write_fifo
 .text.musb_read_fifo
                0x00000000402fd478       0x74 drivers/usb/musb-new/musb_core.o
                0x00000000402fd478                musb_read_fifo
 .text.musb_load_testpacket
                0x00000000402fd4ec       0x24 drivers/usb/musb-new/musb_core.o
                0x00000000402fd4ec                musb_load_testpacket
 .text.musb_start
                0x00000000402fd510       0x84 drivers/usb/musb-new/musb_core.o
                0x00000000402fd510                musb_start
 .text.musb_stop
                0x00000000402fd594       0x3c drivers/usb/musb-new/musb_core.o
                0x00000000402fd594                musb_stop
 .text.musb_interrupt
                0x00000000402fd5d0       0xd2 drivers/usb/musb-new/musb_core.o
                0x00000000402fd5d0                musb_interrupt
 *fill*         0x00000000402fd6a2        0x2 
 .text.musb_init_controller
                0x00000000402fd6a4      0x3f0 drivers/usb/musb-new/musb_core.o
                0x00000000402fd6a4                musb_init_controller
 .text.musb_host_complete_urb
                0x00000000402fda94       0x18 drivers/usb/musb-new/musb_uboot.o
 .text.construct_urb
                0x00000000402fdaac       0x94 drivers/usb/musb-new/musb_uboot.o
 .text.musb_create_int_queue
                0x00000000402fdb40       0xa0 drivers/usb/musb-new/musb_uboot.o
 .text.submit_urb
                0x00000000402fdbe0       0x78 drivers/usb/musb-new/musb_uboot.o
 .text.musb_submit_bulk_msg
                0x00000000402fdc58       0x40 drivers/usb/musb-new/musb_uboot.o
 .text.musb_poll_int_queue
                0x00000000402fdc98       0x26 drivers/usb/musb-new/musb_uboot.o
 .text._musb_reset_root_port.isra.1
                0x00000000402fdcbe       0x72 drivers/usb/musb-new/musb_uboot.o
 .text.musb_reset_root_port
                0x00000000402fdd30        0xe drivers/usb/musb-new/musb_uboot.o
 .text.musb_destroy_int_queue
                0x00000000402fdd3e       0x42 drivers/usb/musb-new/musb_uboot.o
 .text.musb_submit_int_msg
                0x00000000402fdd80       0x46 drivers/usb/musb-new/musb_uboot.o
 *fill*         0x00000000402fddc6        0x2 
 .text.musb_lowlevel_init
                0x00000000402fddc8       0x74 drivers/usb/musb-new/musb_uboot.o
                0x00000000402fddc8                musb_lowlevel_init
 .text.usb_dev_get_parent
                0x00000000402fde3c       0x38 drivers/usb/musb-new/musb_uboot.o
                0x00000000402fde3c                usb_dev_get_parent
 .text.musb_submit_control_msg
                0x00000000402fde74       0x4c drivers/usb/musb-new/musb_uboot.o
 .text.musb_h_tx_flush_fifo
                0x00000000402fdec0       0x40 drivers/usb/musb-new/musb_host.o
 .text.musb_h_ep0_flush_fifo
                0x00000000402fdf00       0x3c drivers/usb/musb-new/musb_host.o
 .text.musb_h_flush_rxfifo.isra.1
                0x00000000402fdf3c       0x1a drivers/usb/musb-new/musb_host.o
 *fill*         0x00000000402fdf56        0x2 
 .text.musb_start_urb
                0x00000000402fdf58      0x350 drivers/usb/musb-new/musb_host.o
 .text.musb_advance_schedule
                0x00000000402fe2a8      0x12a drivers/usb/musb-new/musb_host.o
 *fill*         0x00000000402fe3d2        0x2 
 .text.musb_h_ep0_irq
                0x00000000402fe3d4      0x1c0 drivers/usb/musb-new/musb_host.o
                0x00000000402fe3d4                musb_h_ep0_irq
 .text.musb_host_tx
                0x00000000402fe594      0x11e drivers/usb/musb-new/musb_host.o
                0x00000000402fe594                musb_host_tx
 *fill*         0x00000000402fe6b2        0x2 
 .text.musb_host_rx
                0x00000000402fe6b4      0x270 drivers/usb/musb-new/musb_host.o
                0x00000000402fe6b4                musb_host_rx
 .text.musb_urb_enqueue
                0x00000000402fe924      0x324 drivers/usb/musb-new/musb_host.o
                0x00000000402fe924                musb_urb_enqueue
 .text.musb_urb_dequeue
                0x00000000402fec48       0xcc drivers/usb/musb-new/musb_host.o
                0x00000000402fec48                musb_urb_dequeue
 .text.dsps_musb_enable
                0x00000000402fed14       0x1c drivers/usb/musb-new/musb_dsps.o
 .text.dsps_musb_disable
                0x00000000402fed30        0x2 drivers/usb/musb-new/musb_dsps.o
 *fill*         0x00000000402fed32        0x2 
 .text.dsps_musb_init
                0x00000000402fed34       0x50 drivers/usb/musb-new/musb_dsps.o
 .text.dsps_musb_exit
                0x00000000402fed84       0x16 drivers/usb/musb-new/musb_dsps.o
 .text.dsps_interrupt
                0x00000000402fed9a       0x4e drivers/usb/musb-new/musb_dsps.o
 .text.ti_musb_set_phy_power
                0x00000000402fede8       0x26 drivers/usb/musb-new/ti-musb.o
 .text.ti_musb_host_remove
                0x00000000402fee0e       0x1a drivers/usb/musb-new/ti-musb.o
 .text.ti_musb_host_probe
                0x00000000402fee28       0x44 drivers/usb/musb-new/ti-musb.o
 .text.ti_musb_peripheral_remove
                0x00000000402fee6c       0x1e drivers/usb/musb-new/ti-musb.o
 .text.ti_musb_peripheral_probe
                0x00000000402fee8a       0x42 drivers/usb/musb-new/ti-musb.o
 .text.dm_usb_gadget_handle_interrupts
                0x00000000402feecc       0x14 drivers/usb/musb-new/ti-musb.o
                0x00000000402feecc                dm_usb_gadget_handle_interrupts
 .text.usb_ep_autoconfig
                0x00000000402feee0      0x130 drivers/usb/gadget/epautoconf.o
                0x00000000402feee0                usb_ep_autoconfig
 .text.usb_ep_autoconfig_reset
                0x00000000402ff010       0x28 drivers/usb/gadget/epautoconf.o
                0x00000000402ff010                usb_ep_autoconfig_reset
 .text.usb_descriptor_fillbuf
                0x00000000402ff038       0x36 drivers/usb/gadget/config.o
                0x00000000402ff038                usb_descriptor_fillbuf
 .text.usb_gadget_config_buf
                0x00000000402ff06e       0x54 drivers/usb/gadget/config.o
                0x00000000402ff06e                usb_gadget_config_buf
 .text.usb_gadget_get_string
                0x00000000402ff0c2       0xe2 drivers/usb/gadget/usbstring.o
                0x00000000402ff0c2                usb_gadget_get_string
 .text.eth_setup_complete
                0x00000000402ff1a4        0x2 drivers/usb/gadget/ether.o
 *fill*         0x00000000402ff1a6        0x2 
 .text.tx_complete
                0x00000000402ff1a8       0x34 drivers/usb/gadget/ether.o
 .text.eth_suspend
                0x00000000402ff1dc        0x2 drivers/usb/gadget/ether.o
 *fill*         0x00000000402ff1de        0x2 
 .text.nibble   0x00000000402ff1e0       0x28 drivers/usb/gadget/ether.o
 .text.usb_eth_recv
                0x00000000402ff208       0x3c drivers/usb/gadget/ether.o
 .text.rx_complete
                0x00000000402ff244       0x88 drivers/usb/gadget/ether.o
 .text.usb_eth_send
                0x00000000402ff2cc       0xc8 drivers/usb/gadget/ether.o
 .text.rndis_command_complete
                0x00000000402ff394        0xc drivers/usb/gadget/ether.o
 .text.eth_unbind
                0x00000000402ff3a0       0x5a drivers/usb/gadget/ether.o
 *fill*         0x00000000402ff3fa        0x2 
 .text.rndis_control_ack_complete
                0x00000000402ff3fc       0x4c drivers/usb/gadget/ether.o
 .text.rndis_control_ack
                0x00000000402ff448       0x6c drivers/usb/gadget/ether.o
 .text._usb_eth_halt
                0x00000000402ff4b4       0x72 drivers/usb/gadget/ether.o
 .text.usb_eth_stop
                0x00000000402ff526        0xe drivers/usb/gadget/ether.o
 .text.eth_reset_config
                0x00000000402ff534       0x6c drivers/usb/gadget/ether.o
 .text.eth_disconnect
                0x00000000402ff5a0        0x6 drivers/usb/gadget/ether.o
 *fill*         0x00000000402ff5a6        0x2 
 .text.set_ether_config.isra.6
                0x00000000402ff5a8      0x12c drivers/usb/gadget/ether.o
 .text.get_ether_addr