lmb.c:22:13:lmb_dump_region	56	static
lmb.c:354:13:lmb_overlaps_region	16	static
lmb.c:192:13:lmb_add_region_flags	48	static
lmb.c:41:6:lmb_dump_all_force	8	static
lmb.c:48:6:lmb_dump_all	0	static
lmb.c:106:6:lmb_init	0	static
lmb.c:284:6:lmb_add	0	static
lmb.c:291:6:lmb_free	24	static
lmb.c:341:6:lmb_reserve_flags	0	static
lmb.c:349:6:lmb_reserve	0	static
lmb.c:121:6:arch_lmb_reserve_generic	24	static
lmb.c:392:13:__lmb_alloc_base	48	static
lmb.c:374:13:lmb_alloc_base	16	static
lmb.c:369:13:lmb_alloc	0	static
lmb.c:437:13:lmb_alloc_addr	16	static
lmb.c:460:13:lmb_get_free_size	16	static
lmb.c:486:5:lmb_is_reserved_flags	20	static
lmb.c:499:5:lmb_is_reserved	0	static
lmb.c:504:13:board_lmb_reserve	0	static
lmb.c:509:13:arch_lmb_reserve	0	static
lmb.c:166:6:lmb_init_and_reserve	24	static
lmb.c:183:6:lmb_init_and_reserve_range	16	static
