string.c:32:5:strncasecmp	16	static
string.c:62:5:strcasecmp	0	static
string.c:75:8:strcpy	0	static
string.c:96:8:strncpy	8	static
string.c:142:8:strcat	8	static
string.c:165:8:strncat	12	static
string.c:209:5:strcmp	0	static
string.c:229:5:strncmp	8	static
string.c:249:8:strchr	0	static
string.c:258:13:strchrnul	0	static
string.c:288:8:strlen	0	static
string.c:121:8:strlcpy	24	static
string.c:272:8:strrchr	16	static
string.c:304:8:strnlen	8	static
string.c:195:8:strlcat	24	static
string.c:321:8:strcspn	12	static
string.c:339:8:strdup	16	static
string.c:352:8:strndup	16	static
string.c:383:8:strspn	12	static
string.c:409:8:strpbrk	12	static
string.c:431:8:strtok	16	static
string.c:464:8:strsep	16	static
string.c:488:7:strswab	0	static
string.c:590:15:memmove	8	static
string.c:626:12:memcmp	12	static
string.c:648:8:memscan	8	static
string.c:662:7:memdup	16	static
string.c:681:8:strstr	24	static
string.c:709:7:memchr	8	static
string.c:741:7:memchr_inv	20	static
