mem.h:78:17:ZSTD_readLE32	0	static
bitstream.h:306:32:BIT_reloadDStream	16	static
fse.h:466:18:FSE_updateState	16	static
decompress.c:180:15:ZSTD_frameHeaderSize	8	static
decompress.c:1460:13:ZSTD_checkContinuity	12	static
decompress.c:1864:15:ZSTD_loadEntropy	160	static
decompress.c:743:15:ZSTD_buildSeqTable.constprop	48	static
fse.h:451:18:FSE_initDState	16	static
zstd_internal.h:125:18:ZSTD_wildcopy	16	static
decompress.c:871:8:ZSTD_execSequenceLast7.isra.3	32	static
decompress.c:95:8:ZSTD_DCtxWorkspaceBound	0	static
decompress.c:97:8:ZSTD_decompressBegin	16	static
decompress.c:1985:13:ZSTD_refDDict	16	static
decompress.c:117:12:ZSTD_createDCtx_advanced	32	static
decompress.c:132:12:ZSTD_initDCtx	24	static
decompress.c:138:8:ZSTD_freeDCtx	8	static
decompress.c:146:6:ZSTD_copyDCtx	0	static
decompress.c:163:10:ZSTD_isFrame	8	static
decompress.c:198:8:ZSTD_getFrameParams	32	static
decompress.c:363:15:ZSTD_decodeFrameHeader	16	static
decompress.c:288:20:ZSTD_getFrameContentSize	32	static
decompress.c:385:8:ZSTD_getcBlockSize	0	static
decompress.c:423:8:ZSTD_decodeLiteralsBlock	48	static
decompress.c:785:8:ZSTD_decodeSeqHeaders	56	static
decompress.c:1084:15:ZSTD_decompressSequences	168	static
decompress.c:1436:15:ZSTD_decompressBlock_internal	24	static
decompress.c:1470:8:ZSTD_decompressBlock	32	static
decompress.c:1481:8:ZSTD_insertBlock	16	static
decompress.c:1488:8:ZSTD_generateNxBytes	16	static
decompress.c:1501:8:ZSTD_findFrameCompressedSize	64	static
decompress.c:310:20:ZSTD_findDecompressedSize	32	static
decompress.c:1712:8:ZSTD_nextSrcSizeToDecompress	0	static
decompress.c:1714:22:ZSTD_nextInputType	0	static
decompress.c:1729:5:ZSTD_isSkipFrame	0	static
decompress.c:1734:8:ZSTD_decompressContinue	56	static
decompress.c:1959:8:ZSTD_decompressBegin_usingDict	24	static
decompress.c:1634:15:ZSTD_decompressMultiFrame	80	static
decompress.c:1698:8:ZSTD_decompress_usingDict	24	static
decompress.c:1703:8:ZSTD_decompressDCtx	24	static
decompress.c:1979:8:ZSTD_DDictWorkspaceBound	0	static
decompress.c:2079:8:ZSTD_freeDDict	32	static
decompress.c:2073:13:ZSTD_initDDict	48	static
decompress.c:2095:10:ZSTD_getDictID_fromDict	8	static
decompress.c:2108:10:ZSTD_getDictID_fromDDict	0	static
decompress.c:2125:10:ZSTD_getDictID_fromFrame	40	static
decompress.c:2137:8:ZSTD_decompress_usingDDict	24	static
decompress.c:2174:8:ZSTD_DStreamWorkspaceBound	0	static
decompress.c:2246:8:ZSTD_freeDStream	32	static
decompress.c:2204:15:ZSTD_initDStream	48	static
decompress.c:2237:15:ZSTD_initDStream_usingDDict	8	static
decompress.c:2267:8:ZSTD_DStreamInSize	0	static
decompress.c:2268:8:ZSTD_DStreamOutSize	0	static
decompress.c:2270:8:ZSTD_resetDStream	0	static
decompress.c:2288:8:ZSTD_decompressStream	72	static
