mem.h:78:17:ZSTD_readLE32	0	static
bitstream.h:306:32:BIT_reloadDStream	16	static
bitstream.h:339:22:BIT_endOfDStream	0	static
huf_decompress.c:44:19:HUF_getDTableDesc	16	static
huf_decompress.c:573:12:HUF_decodeLastSymbolX4	16	static
bitstream.h:209:20:BIT_initDStream	16	static
huf_decompress.c:128:13:HUF_decodeSymbolX2	12	static
huf_decompress.c:169:15:HUF_decompress1X2_usingDTable_internal	56	static
huf_decompress.c:217:15:HUF_decompress4X2_usingDTable_internal.part.2	144	static
huf_decompress.c:565:12:HUF_decodeSymbolX4	16	static
huf_decompress.c:625:15:HUF_decompress1X4_usingDTable_internal	56	static
huf_decompress.c:677:15:HUF_decompress4X4_usingDTable_internal.part.3	136	static
huf_decompress.c:60:8:HUF_readDTableX2_wksp	80	static
huf_decompress.c:194:8:HUF_decompress1X2_usingDTable	32	static
huf_decompress.c:202:8:HUF_decompress1X2_DCtx_wksp	40	static
huf_decompress.c:325:8:HUF_decompress4X2_usingDTable	32	static
huf_decompress.c:333:8:HUF_decompress4X2_DCtx_wksp	40	static
huf_decompress.c:452:8:HUF_readDTableX4_wksp	248	static
huf_decompress.c:654:8:HUF_decompress1X4_usingDTable	32	static
huf_decompress.c:662:8:HUF_decompress1X4_DCtx_wksp	40	static
huf_decompress.c:787:8:HUF_decompress4X4_usingDTable	32	static
huf_decompress.c:795:8:HUF_decompress4X4_DCtx_wksp	40	static
huf_decompress.c:814:8:HUF_decompress1X_usingDTable	32	static
huf_decompress.c:821:8:HUF_decompress4X_usingDTable	32	static
huf_decompress.c:857:5:HUF_selectDecoder	16	static
huf_decompress.c:871:8:HUF_decompress4X_DCtx_wksp	24	static
huf_decompress.c:894:8:HUF_decompress4X_hufOnly_wksp	24	static
huf_decompress.c:909:8:HUF_decompress1X_DCtx_wksp	24	static
