spi-uclass.c:26:12:spi_set_speed_mode	16	static
spi-uclass.c:220:12:spi_child_pre_probe	16	static
spi-uclass.c:177:12:spi_post_probe	16	static
spi-uclass.c:53:5:dm_spi_claim_bus	32	static
spi-uclass.c:86:6:dm_spi_release_bus	0	static
spi-uclass.c:95:5:dm_spi_xfer	8	static
spi-uclass.c:109:5:dm_spi_get_mmap	8	static
spi-uclass.c:123:5:spi_claim_bus	0	static
spi-uclass.c:128:6:spi_release_bus	0	static
spi-uclass.c:133:5:spi_xfer	0	static
spi-uclass.c:139:5:spi_write_then_read	32	static
spi-uclass.c:241:5:spi_chip_select	8	static
spi-uclass.c:248:5:spi_find_chip_select	24	static
spi-uclass.c:307:5:spi_cs_info	16	static
spi-uclass.c:292:5:spi_cs_is_valid	16	static
spi-uclass.c:321:5:spi_find_bus_and_cs	24	static
spi-uclass.c:343:5:spi_get_bus_and_cs	40	static
spi-uclass.c:449:19:spi_setup_slave	32	static
spi-uclass.c:464:6:spi_free_slave	0	static
spi-uclass.c:469:5:spi_slave_of_to_plat	16	static
spi-uclass.c:166:12:spi_child_post_bind	8	static
