root.c:262:12:dm_scan_fdt_node	32	static
root.c:39:17:dm_root	8	static
root.c:49:6:dm_fixup_for_gd_move	0	static
root.c:58:6:fix_drivers	8	static
root.c:91:6:fix_uclass	8	static
root.c:120:6:fix_devices	8	static
root.c:163:5:dm_init	8	static
root.c:205:5:dm_uninit	8	static
root.c:217:5:dm_remove_devices_flags	8	static
root.c:225:5:dm_scan_plat	8	static
root.c:293:5:dm_scan_fdt_dev	0	static
root.c:299:5:dm_scan_fdt	0	static
root.c:313:5:dm_extended_scan	32	static
root.c:342:12:dm_scan_other	0	static
root.c:391:5:dm_init_and_scan	8	static
root.c:411:6:dm_get_stats	16	static
