uclass.c:26:16:uclass_find	12	static
uclass.c:111:5:uclass_destroy	16	static
uclass.c:145:5:uclass_get	24	static
uclass.c:164:13:uclass_get_name	16	static
uclass.c:173:7:uclass_get_priv	0	static
uclass.c:178:6:uclass_set_priv	0	static
uclass.c:183:16:uclass_get_by_name_len	16	static
uclass.c:197:16:uclass_get_by_name	8	static
uclass.c:202:5:dev_get_uclass_index	20	static
uclass.c:223:5:uclass_find_device	24	static
uclass.c:246:5:uclass_find_first_device	16	static
uclass.c:263:5:uclass_find_next_device	0	static
uclass.c:276:5:uclass_find_device_by_name	24	static
uclass.c:300:5:uclass_find_next_free_seq	8	static
uclass.c:323:5:uclass_find_device_by_seq	24	static
uclass.c:350:5:uclass_find_device_by_of_offset	24	static
uclass.c:374:5:uclass_find_device_by_ofnode	24	static
uclass.c:406:5:uclass_find_device_by_phandle	32	static
uclass.c:437:5:uclass_get_device_by_driver	24	static
uclass.c:457:5:uclass_get_device_tail	16	static
uclass.c:472:5:uclass_get_device	16	static
uclass.c:482:5:uclass_get_device_by_name	16	static
uclass.c:493:5:uclass_get_device_by_seq	16	static
uclass.c:504:5:uclass_get_device_by_of_offset	16	static
uclass.c:515:5:uclass_get_device_by_ofnode	16	static
uclass.c:531:5:uclass_get_device_by_phandle_id	24	static
uclass.c:557:5:uclass_get_device_by_phandle	16	static
uclass.c:569:5:uclass_first_device	16	static
uclass.c:581:5:uclass_first_device_err	8	static
uclass.c:594:5:uclass_next_device	16	static
uclass.c:606:5:uclass_next_device_err	8	static
uclass.c:619:5:uclass_first_device_check	8	static
uclass.c:633:5:uclass_next_device_check	8	static
uclass.c:646:5:uclass_get_count	8	static
uclass.c:659:5:uclass_first_device_drvdata	24	static
uclass.c:676:5:uclass_bind_device	8	static
uclass.c:703:5:uclass_pre_unbind_device	0	static
uclass.c:718:5:uclass_unbind_device	0	static
uclass.c:726:5:uclass_pre_probe_device	8	static
uclass.c:750:5:uclass_post_probe_device	8	static
uclass.c:775:5:uclass_pre_remove_device	0	static
uclass.c:791:5:uclass_probe_all	16	static
uclass.c:810:5:uclass_id_count	16	static
