efi_device_path.c:67:14:dp_alloc	16	static
efi_device_path.c:518:36:dp_size	16	static
efi_device_path.c:820:14:dp_part_node	152	static
efi_device_path.c:603:29:dp_fill	16	static
efi_device_path.c:85:25:efi_dp_next	0	static
efi_device_path.c:103:5:efi_dp_match	16	static
efi_device_path.c:143:25:efi_dp_shorten	8	static
efi_device_path.c:255:31:efi_dp_last_node	8	static
efi_device_path.c:269:13:efi_dp_instance_size	8	static
efi_device_path.c:173:21:find_handle	56	static
efi_device_path.c:234:14:efi_dp_find_obj	16	static
efi_device_path.c:284:13:efi_dp_size	0	static
efi_device_path.c:298:25:efi_dp_dup	16	static
efi_device_path.c:330:18:efi_dp_append_or_concatenate	32	static
efi_device_path.c:380:25:efi_dp_append	0	static
efi_device_path.c:396:25:efi_dp_concat	0	static
efi_device_path.c:402:25:efi_dp_append_node	24	static
efi_device_path.c:434:25:efi_dp_create_device_node	16	static
efi_device_path.c:452:25:efi_dp_append_instance	24	static
efi_device_path.c:479:25:efi_dp_get_next_instance	24	static
efi_device_path.c:504:6:efi_dp_is_multi_instance	0	static
efi_device_path.c:901:25:efi_dp_from_part	16	static
efi_device_path.c:923:25:efi_dp_part_node	16	static
efi_device_path.c:975:25:efi_dp_from_file	40	static
efi_device_path.c:1012:25:efi_dp_from_uart	8	static
efi_device_path.c:1035:25:efi_dp_from_eth	8	static
efi_device_path.c:1057:25:efi_dp_from_mem	32	static
efi_device_path.c:1094:14:efi_dp_split_file_path	24	static
efi_device_path.c:1134:14:efi_dp_from_name	168	static
efi_device_path.c:1198:9:efi_dp_check_length	8	static
efi_device_path.c:1235:18:efi_dp_from_lo	16	static
efi_device_path.c:1266:25:search_gpt_dp_node	8	static
