efi_boottime.c:635:21:efi_is_event	0	static
efi_boottime.c:165:20:indent_string	16	static
efi_boottime.c:101:5:__efi_entry_check	8	static
efi_boottime.c:113:5:__efi_exit_check	8	static
efi_boottime.c:203:13:efi_process_event_queue	32	static
efi_boottime.c:235:13:efi_queue_event	12	static
efi_boottime.c:1414:21:efi_register_protocol_notify	24	static
efi_boottime.c:2774:20:efi_set_mem	16	static
efi_boottime.c:2755:20:efi_copy_mem	16	static
efi_boottime.c:2728:28:efi_calculate_crc32	16	static
efi_boottime.c:2272:28:efi_set_watchdog_timer	8	static
efi_boottime.c:2218:28:efi_get_next_monotonic_count	16	static
efi_boottime.c:990:28:efi_close_event	40	static
efi_boottime.c:486:28:efi_free_pool_ext	8	static
efi_boottime.c:464:28:efi_allocate_pool_ext	16	static
efi_boottime.c:435:28:efi_get_memory_map_ext	24	static
efi_boottime.c:409:28:efi_free_pages_ext	16	static
efi_boottime.c:386:28:efi_allocate_pages_ext	16	static
efi_boottime.c:329:29:efi_raise_tpl	16	static
efi_boottime.c:131:6:efi_save_gd	0	static
efi_boottime.c:145:6:efi_restore_gd	8	static
efi_boottime.c:174:13:__efi_nesting	0	static
efi_boottime.c:179:13:__efi_nesting_inc	0	static
efi_boottime.c:184:13:__efi_nesting_dec	0	static
efi_boottime.c:267:14:is_valid_tpl	0	static
efi_boottime.c:289:6:efi_signal_event	24	static
efi_boottime.c:2111:28:efi_exit_boot_services	16	static
efi_boottime.c:970:28:efi_signal_event_ext	16	static
efi_boottime.c:503:6:efi_add_handle	0	static
efi_boottime.c:517:14:efi_create_handle	8	static
efi_boottime.c:665:14:efi_create_event	40	static
efi_boottime.c:740:21:efi_create_event_ex	24	static
efi_boottime.c:785:28:efi_create_event_ext	24	static
efi_boottime.c:807:6:efi_timer_check	32	static
efi_boottime.c:2245:28:efi_stall	24	static
efi_boottime.c:1037:28:efi_check_event	16	static
efi_boottime.c:911:28:efi_wait_for_event	32	static
efi_boottime.c:354:20:efi_restore_tpl	8	static
efi_boottime.c:845:14:efi_set_timer	40	static
efi_boottime.c:890:28:efi_set_timer_ext	16	static
efi_boottime.c:1059:20:efi_search_obj	0	static
efi_boottime.c:539:14:efi_search_protocol	24	static
efi_boottime.c:572:14:efi_remove_protocol	24	static
efi_boottime.c:2518:28:efi_locate_protocol	32	static
efi_boottime.c:2345:28:efi_open_protocol_information	32	static
efi_boottime.c:1508:21:efi_locate_handle	32	static
efi_boottime.c:2472:21:efi_locate_handle_buffer	40	static
efi_boottime.c:1802:28:efi_locate_device_path	64	static
efi_boottime.c:1599:28:efi_locate_handle_ext	24	static
efi_boottime.c:595:14:efi_remove_all_protocols	16	static
efi_boottime.c:620:6:efi_delete_handle	8	static
efi_boottime.c:2296:21:efi_close_protocol	32	static
efi_boottime.c:3078:21:efi_delete_image	32	static
efi_boottime.c:2408:28:efi_protocols_per_handle	24	static
efi_boottime.c:1116:14:efi_add_protocol	32	static
efi_boottime.c:1177:28:efi_install_protocol_interface	16	static
efi_boottime.c:1638:14:efi_install_configuration_table	32	static
efi_boottime.c:1699:8:efi_install_configuration_table_ext	8	static
efi_boottime.c:1721:14:efi_setup_loaded_image	32	static
efi_boottime.c:2791:14:efi_protocol_open	32	static
efi_boottime.c:2909:28:efi_open_protocol	48	static
efi_boottime.c:3639:28:efi_disconnect_controller	56	static
efi_boottime.c:1289:21:efi_disconnect_all_drivers	32	static
efi_boottime.c:1328:21:efi_uninstall_protocol	32	static
efi_boottime.c:1380:28:efi_uninstall_protocol_interface	16	static
efi_boottime.c:2590:21:efi_install_multiple_protocol_interfaces	48	static
efi_boottime.c:2664:28:efi_uninstall_multiple_protocol_interfaces	24	static
efi_boottime.c:2981:21:efi_start_image	88	static
efi_boottime.c:3131:21:efi_unload_image	32	static
efi_boottime.c:3326:21:efi_handle_protocol	16	static
efi_boottime.c:2017:21:efi_load_image	80	static
efi_boottime.c:3342:21:efi_bind_controller	40	static
efi_boottime.c:3460:28:efi_connect_controller	56	static
efi_boottime.c:3528:28:efi_reinstall_protocol_interface	24	static
efi_boottime.c:3225:28:efi_exit	40	static
efi_boottime.c:3801:14:efi_initialize_system_table	16	static
