ns16550.c:465:12:ns16550_serial_getinfo	8	static
ns16550.c:160:13:ns16550_writeb.isra.0	8	static
ns16550.c:432:12:ns16550_serial_setconfig	8	static
ns16550.c:174:12:ns16550_readb.isra.1	0	static
ns16550.c:216:13:ns16550_setbrg	16	static
ns16550.c:419:12:ns16550_serial_setbrg	16	static
ns16550.c:399:12:ns16550_serial_pending	8	static
ns16550.c:379:12:ns16550_serial_putc	16	static
ns16550.c:409:12:ns16550_serial_getc	8	static
ns16550.c:209:5:ns16550_calc_divisor	8	static
ns16550.c:227:6:ns16550_init	16	static
ns16550.c:500:5:ns16550_serial_probe	16	static
ns16550.c:276:6:ns16550_reinit	16	static
ns16550.c:286:6:ns16550_putc	16	static
ns16550.c:303:6:ns16550_getc	8	static
ns16550.c:315:5:ns16550_tstc	8	static
