log.h:675:19:log_init	0	static
board_r.c:79:12:cpu_secondary_init_r	0	static
board_r.c:84:12:initr_trace	0	static
board_r.c:93:12:initr_reloc	0	static
board_r.c:577:12:run_main_loop	8	static
board_r.c:502:12:initr_net	8	static
board_r.c:467:12:initr_ethaddr	8	static
board_r.c:434:12:initr_env	8	static
board_r.c:395:12:initr_mmc	8	static
board_r.c:554:12:dm_announce	16	static
board_r.c:228:12:initr_dm	0	static
board_r.c:192:12:initr_malloc	8	static
board_r.c:119:12:initr_reloc_global_data	8	static
board_r.c:106:12:initr_caches	8	static
board_r.c:170:12:arch_initr_trap	0	static
board_r.c:183:12:initr_barrier	0	static
board_r.c:211:12:initr_of_live	0	static
board_r.c:248:12:initr_dm_devices	0	static
board_r.c:272:12:initr_bootstage	0	static
board_r.c:279:12:power_init_board	0	static
board_r.c:284:12:initr_announce	0	static
board_r.c:299:12:initr_binman	0	static
mux.h:120:14:mux_control_states	0	static
mux.h:125:18:mux_control_select	0	static
mux.h:133:5:mux_control_deselect	0	static
mux.h:138:21:mux_control_get	0	static
mux.h:143:6:mux_control_put	0	static
mux.h:147:21:devm_mux_control_get	0	static
mux.h:153:5:dm_mux_init	0	static
board_r.c:69:12:board_flash_wp_on	0	static
board_r.c:114:12:fixup_cpu	0	static
board_r.c:797:6:board_init_r	8	static
