f_fastboot.c:296:28:fastboot_start_ep	16	static
f_fastboot.c:270:13:fastboot_unbind	0	static
f_fastboot.c:367:12:fastboot_add	16	static
f_fastboot.c:277:13:fastboot_disable	8	static
f_fastboot.c:197:13:fastboot_complete	0	static
f_fastboot.c:421:13:compl_do_reset	0	static
f_fastboot.c:486:13:do_exit_on_complete	0	static
f_fastboot.c:491:13:do_bootm_on_complete	8	static
f_fastboot.c:416:12:fastboot_tx_write_str	24	static
f_fastboot.c:205:12:fastboot_bind	32	static
f_fastboot.c:426:21:rx_bytes_expected.isra.0	16	static
f_fastboot.c:509:13:rx_handler_command	96	static
f_fastboot.c:450:13:rx_handler_dl_image	88	static
f_fastboot.c:315:12:fastboot_set_alt	16	static
