f_mass_storage.c:464:13:raise_exception	0	static
f_mass_storage.c:478:12:ep0_queue	8	static
f_mass_storage.c:497:13:bulk_in_complete	16	static
f_mass_storage.c:514:13:bulk_out_complete	16	static
f_mass_storage.c:2269:12:fsg_set_alt	8	static
f_mass_storage.c:2277:13:fsg_disable	0	static
f_mass_storage.c:537:12:fsg_setup	16	static
f_mass_storage.c:2641:13:fsg_unbind	8	static
storage_common.c:599:13:store_cdrom_address	16	static
f_mass_storage.c:440:12:fsg_set_halt.isra.7	0	static
f_mass_storage.c:591:13:start_transfer.isra.9	16	static
f_mass_storage.c:1386:12:halt_bulk_in_endpoint.isra.14	8	static
f_mass_storage.c:655:12:sleep_thread.isra.17	24	static
f_mass_storage.c:691:12:do_read	40	static
f_mass_storage.c:1605:12:send_status	24	static
f_mass_storage.c:818:12:do_write	56	static
f_mass_storage.c:1665:12:check_command.isra.19	48	static
f_mass_storage.c:1237:12:do_mode_sense.isra.21	40	static
f_mass_storage.c:2750:5:fsg_add	48	static
f_mass_storage.c:2178:12:do_set_interface	32	static
f_mass_storage.c:2394:5:fsg_main_thread	56	static
f_mass_storage.c:2605:1:usb_copy_descriptors	24	static
f_mass_storage.c:2656:12:fsg_bind	24	static
f_mass_storage.c:2768:5:fsg_init	0	static
