rndis.c:1248:22:rndis_add_response	16	static
rndis.c:974:5:rndis_signal_connect	16	static
rndis.c:982:5:rndis_signal_disconnect	0	static
rndis.c:1010:6:rndis_set_host_mac	0	static
rndis.c:1015:18:rndis_get_state	0	static
rndis.c:1025:5:rndis_msg_parser	32	static
rndis.c:1121:5:rndis_register	0	static
rndis.c:1139:6:rndis_deregister	0	static
rndis.c:1154:6:rndis_set_param_dev	8	static
rndis.c:1172:5:rndis_set_param_vendor	0	static
rndis.c:1186:5:rndis_set_param_medium	0	static
rndis.c:1198:6:rndis_add_hdr	16	static
rndis.c:1210:6:rndis_free_response	24	static
rndis.c:1226:5:rndis_get_next_response	8	static
rndis.c:995:6:rndis_uninit	16	static
rndis.c:1266:5:rndis_rm_hdr	8	static
rndis.c:1295:5:rndis_init	0	static
rndis.c:1311:6:rndis_exit	0	static
