board_detect.c:70:28:ti_eeprom_string_cleanup	8	static
board_detect.c:86:27:ti_i2c_eeprom_get	32	static
board_detect.c:437:20:ti_i2c_eeprom_am6_get.part.0	560	static
board_detect.c:82:13:gpi2c_init	0	static
board_detect.c:173:20:ti_emmc_boardid_get	112	static
board_detect.c:246:20:ti_i2c_eeprom_am_set	24	static
board_detect.c:270:20:ti_i2c_eeprom_am_get	112	static
board_detect.c:328:20:ti_i2c_eeprom_dra7_get	72	static
board_detect.c:437:20:ti_i2c_eeprom_am6_get	40	static
board_detect.c:536:20:ti_i2c_eeprom_am6_get_base	16	static
board_detect.c:559:21:board_ti_k3_is	8	static
board_detect.c:568:21:board_ti_is	8	static
board_detect.c:577:21:board_ti_rev_is	8	static
board_detect.c:589:23:board_ti_get_rev	0	static
board_detect.c:597:23:board_ti_get_config	0	static
board_detect.c:605:23:board_ti_get_name	0	static
board_detect.c:614:1:board_ti_get_eth_mac_addr	4	static
board_detect.c:633:1:board_ti_am6_get_eth_mac_addr	4	static
board_detect.c:651:20:board_ti_get_emif1_size	0	static
board_detect.c:661:20:board_ti_get_emif2_size	0	static
board_detect.c:671:21:set_board_info_env	8	static
board_detect.c:694:21:set_board_info_env_am6	8	static
board_detect.c:745:6:board_ti_set_ethaddr	56	static
board_detect.c:784:6:board_ti_am6_set_ethaddr	32	static
board_detect.c:797:21:board_ti_was_eeprom_read	0	static
