mmc.c:220:12:mmc_send_cmd_retry	24	static
mmc.c:671:12:mmc_send_op_cond_iter	40	static
mmc.c:508:12:mmc_go_idle	40	static
mmc.c:989:12:mmc_set_capacity	32	static
mmc.c:244:12:mmc_send_cmd_quirks.constprop	0	static
mmc.c:136:13:mmc_mode_name	0	static
mmc.c:253:5:mmc_send_status	40	static
mmc.c:788:12:__mmc_switch.constprop	48	static
mmc.c:271:5:mmc_poll_for_busy	32	static
mmc.c:313:5:mmc_set_blocklen	40	static
mmc.c:450:7:mmc_bread	80	static
mmc.c:767:5:mmc_send_ext_csd	56	static
mmc.c:1829:12:mmc_read_and_compare_ext_csd	592	static
mmc.c:864:12:mmc_set_card_speed.constprop	592	static
mmc.c:853:5:mmc_switch	0	static
mmc.c:2207:12:mmc_startup_v4	624	static
mmc.c:858:5:mmc_boot_wp	0	static
mmc.c:1017:5:mmc_switch_part	32	static
mmc.c:1594:5:mmc_set_clock	4	static
mmc.c:2413:12:mmc_startup	432	static
mmc.c:1625:6:mmc_dump_capabilities	0	static
mmc.c:2771:5:mmc_get_op_cond	64	static
mmc.c:2857:5:mmc_start_init	8	static
mmc.c:2931:5:mmc_init	16	static
mmc.c:2982:5:mmc_set_dsr	0	static
mmc.c:2989:12:cpu_mmc_init	0	static
mmc.c:2995:12:board_mmc_init	0	static
mmc.c:3000:6:mmc_set_preinit	0	static
mmc.c:3044:5:mmc_initialize	24	static
mmc.c:3070:5:mmc_init_device	16	static
mmc.c:3128:12:mmc_get_env_dev	0	static
