i2c-uclass.c:59:12:i2c_setup_offset	20	static
i2c-uclass.c:274:12:i2c_probe_chip	40	static
i2c-uclass.c:656:12:i2c_pre_probe	24	static
i2c-uclass.c:706:12:i2c_post_bind	0	static
i2c-uclass.c:34:6:i2c_dump_msgs	32	static
i2c-uclass.c:134:5:dm_i2c_read	72	static
i2c-uclass.c:164:5:dm_i2c_write	64	dynamic
i2c-uclass.c:220:5:dm_i2c_xfer	16	static
i2c-uclass.c:231:5:dm_i2c_reg_read	16	static
i2c-uclass.c:243:5:dm_i2c_reg_write	16	static
i2c-uclass.c:250:5:dm_i2c_reg_clrset	32	static
i2c-uclass.c:339:5:i2c_get_chip	64	static
i2c-uclass.c:365:5:i2c_get_chip_for_busnum	24	static
i2c-uclass.c:397:5:dm_i2c_probe	16	static
i2c-uclass.c:418:5:dm_i2c_set_bus_speed	24	static
i2c-uclass.c:679:12:i2c_post_probe	16	static
i2c-uclass.c:439:5:dm_i2c_get_bus_speed	16	static
i2c-uclass.c:450:5:i2c_set_chip_flags	24	static
i2c-uclass.c:467:5:i2c_get_chip_flags	8	static
i2c-uclass.c:476:5:i2c_set_chip_offset_len	8	static
i2c-uclass.c:487:5:i2c_get_chip_offset_len	8	static
i2c-uclass.c:494:5:i2c_set_chip_addr_offset_mask	8	static
i2c-uclass.c:503:6:i2c_get_chip_addr_offset_mask	8	static
i2c-uclass.c:526:5:i2c_deblock_gpio_loop	24	static
i2c-uclass.c:626:5:i2c_deblock	40	static
i2c-uclass.c:637:5:i2c_chip_of_to_plat	16	static
i2c-uclass.c:693:12:i2c_child_post_bind	8	static
