mmc.c:382:17:mmc_sparse_reserve	0	static
mmc.c:1097:12:do_mmcops	32	static
mmc.c:596:12:do_mmc_list	8	static
mmc.c:374:17:mmc_sparse_write	0	static
mmc.c:19:13:print_mmcinfo	624	static
mmc.c:991:12:do_mmc_setdsr	16	static
mmc.c:132:20:__init_mmc_device.isra.1	16	static
mmc.c:541:12:do_mmc_dev	24	static
mmc.c:500:12:do_mmc_rescan	8	static
mmc.c:1044:12:do_mmc_boot_wp	8	static
mmc.c:167:12:do_mmcinfo	8	static
mmc.c:521:12:do_mmc_part	8	static
mmc.c:388:12:do_mmc_sparse_write	64	static
mmc.c:439:12:do_mmc_write	24	static
mmc.c:470:12:do_mmc_erase	24	static
mmc.c:346:12:do_mmc_read	24	static
