part_efi.c:64:14:print_efiname	16	static
part_efi.c:313:12:part_test_efi	16	dynamic
part_efi.c:154:12:validate_gpt_entries	8	static
part_efi.c:91:12:validate_gpt_header	48	static
part_efi.c:932:12:is_gpt_valid	56	dynamic
part_efi.c:1084:12:is_pte_valid	24	static
part_efi.c:1001:12:find_valid_gpt	32	static
part_efi.c:219:6:part_print_efi	72	dynamic
part_efi.c:261:5:part_get_info_efi	32	dynamic
part_efi.c:201:5:get_disk_guid	32	dynamic
part_efi.c:366:5:write_gpt_table	40	dynamic
part_efi.c:414:5:gpt_fill_pte	56	static
part_efi.c:580:5:gpt_fill_header	24	static
part_efi.c:604:5:gpt_restore	40	static
part_efi.c:671:5:gpt_verify_headers	32	static
part_efi.c:708:5:gpt_verify_partitions	88	static
part_efi.c:786:5:is_valid_gpt_buf	16	static
part_efi.c:807:5:write_mbr_and_gpt_partitions	56	static
