fdtdec.c:661:20:get_prop_check_min_len	24	static
fdtdec.c:87:13:fdtdec_get_srcname	0	static
fdtdec.c:92:13:fdtdec_get_compatible	0	static
fdtdec.c:206:5:fdtdec_get_pci_vendev	40	static
fdtdec.c:242:5:fdtdec_get_pci_bar32	8	static
fdtdec.c:266:5:fdtdec_get_pci_bus_range	16	static
fdtdec.c:282:10:fdtdec_get_uint64	24	static
fdtdec.c:295:5:fdtdec_get_is_enabled	8	static
fdtdec.c:312:20:fdtdec_lookup	24	static
fdtdec.c:324:5:fdtdec_next_compatible	0	static
fdtdec.c:329:5:fdtdec_next_compatible_subnode	24	static
fdtdec.c:344:5:fdtdec_next_alias	72	static
fdtdec.c:376:5:fdtdec_add_aliases_for_id	56	dynamic
fdtdec.c:366:5:fdtdec_find_aliases_for_id	24	static
fdtdec.c:491:5:fdtdec_get_alias_seq	56	static
fdtdec.c:544:5:fdtdec_get_alias_highest_id	32	static
fdtdec.c:577:13:fdtdec_get_chosen_prop	16	static
fdtdec.c:587:5:fdtdec_get_chosen_node	8	static
fdtdec.c:614:5:fdtdec_prepare_fdt	8	static
fdtdec.c:597:5:fdtdec_check_fdt	8	static
fdtdec.c:636:5:fdtdec_lookup_phandle	8	static
fdtdec.c:679:5:fdtdec_get_int_array	32	static
fdtdec.c:948:12:decode_timing_property	40	static
fdtdec.c:697:5:fdtdec_get_int_array_count	16	static
fdtdec.c:717:12:fdtdec_locate_array	24	static
fdtdec.c:728:5:fdtdec_get_bool	16	static
fdtdec.c:738:5:fdtdec_parse_phandle_with_args	48	static
fdtdec.c:862:5:fdtdec_get_byte_array	24	static
fdtdec.c:874:11:fdtdec_locate_byte_array	24	static
fdtdec.c:886:5:fdtdec_get_number	8	static
fdtdec.c:99:12:fdtdec_get_addr_size_fixed	32	static
fdtdec.c:145:12:fdtdec_get_addr_size_auto_parent	40	static
fdtdec.c:172:12:fdtdec_get_addr_size_auto_noparent	40	static
fdtdec.c:191:12:fdtdec_get_addr_size	24	static
fdtdec.c:201:12:fdtdec_get_addr	0	static
fdtdec.c:896:5:fdt_get_resource	40	static
fdtdec.c:935:5:fdt_get_named_resource	24	static
fdtdec.c:972:5:fdtdec_decode_display_timing	24	static
fdtdec.c:1040:5:fdtdec_setup_mem_size_base	40	static
fdtdec.c:1066:8:get_next_memory_node	16	static
fdtdec.c:1075:5:fdtdec_setup_memory_banksize	48	static
fdtdec.c:1116:5:fdtdec_setup_mem_size_base_lowest	48	static
fdtdec.c:1242:5:fdtdec_set_ethernet_mac_address	24	static
fdtdec.c:1303:5:fdtdec_add_reserved_memory	144	static
fdtdec.c:1441:5:fdtdec_get_carveout	48	static
fdtdec.c:1542:5:fdtdec_set_carveout	56	static
fdtdec.c:1599:12:fdtdec_board_setup	0	static
fdtdec.c:1639:5:fdtdec_setup	8	static
fdtdec.c:1680:5:fdtdec_resetup	0	static
fdtdec.c:1716:5:fdtdec_decode_ram_size	56	static
