musb_gadget.c:1032:12:musb_gadget_enable	20	static
musb_gadget.c:1531:12:musb_gadget_fifo_status	0	static
musb_gadget.c:1554:13:musb_gadget_fifo_flush	12	static
musb_gadget.c:1616:12:musb_gadget_get_frame	0	static
musb_gadget.c:1623:12:musb_gadget_wakeup	0	static
musb_gadget.c:1702:1:musb_gadget_set_self_powered	0	static
musb_gadget.c:1741:12:musb_gadget_vbus_draw	0	static
musb_gadget.c:319:13:txstate	24	static
musb_gadget.c:1267:21:musb_alloc_request	8	static
musb_gadget.c:1290:6:musb_free_request	0	static
musb_gadget.c:1784:12:musb_gadget_stop	8	static
musb_gadget.c:1828:1:init_peripheral_ep	32	static
musb_gadget.c:1975:5:musb_gadget_start	8	static
musb_gadget.c:1754:12:musb_gadget_pullup	12	static
musb_gadget.c:177:6:musb_g_giveback	16	static
musb_gadget.c:640:13:rxstate	32	static
musb_gadget.c:1375:12:musb_gadget_dequeue	16	static
musb_gadget.c:1218:12:musb_gadget_disable	16	static
musb_gadget.c:491:6:musb_g_tx	40	static
musb_gadget.c:910:6:musb_g_rx	8	static
musb_gadget.c:1307:6:musb_ep_restart	4	static
musb_gadget.c:1432:12:musb_gadget_set_halt	16	static
musb_gadget.c:1320:12:musb_gadget_queue	24	static
musb_gadget.c:1897:15:musb_gadget_setup	24	static
musb_gadget.c:1951:6:musb_gadget_cleanup	0	static
musb_gadget.c:2153:6:musb_g_resume	0	static
musb_gadget.c:2177:6:musb_g_suspend	0	static
musb_gadget.c:2209:6:musb_g_wakeup	0	static
musb_gadget.c:2215:6:musb_g_disconnect	8	static
musb_gadget.c:2261:6:musb_g_reset	16	static
