clk-uclass.c:568:13:clk_clean_rate_cache	16	static
clk-uclass.c:33:13:dev_get_clk_ptr	0	static
clk-uclass.c:458:5:clk_request	0	static
clk-uclass.c:74:12:clk_get_by_index_tail.isra.0.part.1	24	static
clk-uclass.c:139:5:clk_get_by_index	96	static
clk-uclass.c:401:5:clk_get_by_name	16	static
clk-uclass.c:115:12:clk_get_by_indexed_prop.isra.2	96	static
clk-uclass.c:151:5:clk_get_by_index_nodev	96	static
clk-uclass.c:418:5:clk_get_by_name_nodev	16	static
clk-uclass.c:475:5:clk_free	0	static
clk-uclass.c:490:7:clk_get_rate	0	static
clk-uclass.c:510:13:clk_get_parent	8	static
clk-uclass.c:529:11:clk_get_parent_rate	8	static
clk-uclass.c:553:7:clk_round_rate	0	static
clk-uclass.c:584:7:clk_set_rate	16	static
clk-uclass.c:602:5:clk_set_parent	0	static
clk-uclass.c:372:5:clk_set_defaults	104	static
clk-uclass.c:826:5:clk_uclass_post_probe	8	static
clk-uclass.c:625:5:clk_enable	0	static
clk-uclass.c:672:5:clk_enable_bulk	16	static
clk-uclass.c:685:5:clk_disable	0	static
clk-uclass.c:435:5:clk_release_all	24	static
clk-uclass.c:163:5:clk_get_bulk	24	static
clk-uclass.c:736:5:clk_disable_bulk	16	static
clk-uclass.c:749:5:clk_get_by_id	32	static
clk-uclass.c:771:6:clk_is_match	0	static
clk-uclass.c:798:13:devm_clk_get	16	static
clk-uclass.c:815:6:devm_clk_put	0	static
