image-board.c:98:12:on_loadaddr	8	static
image-board.c:114:7:env_get_bootm_low	8	static
image-board.c:132:13:env_get_bootm_size	16	static
image-board.c:158:13:env_get_bootm_mapsize	8	static
image-board.c:175:6:memmove_wd	24	static
image-board.c:220:7:genimg_get_kernel_addr_fit	24	static
image-board.c:254:7:genimg_get_kernel_addr	16	static
image-board.c:277:5:genimg_get_format	8	static
image-board.c:308:5:genimg_has_config	0	static
image-board.c:474:5:boot_get_ramdisk	80	static
image-board.c:565:5:boot_ramdisk_high	32	static
image-board.c:638:5:boot_get_setup	0	static
image-board.c:647:5:boot_get_fpga	0	static
image-board.c:750:5:boot_get_loadable	88	static
image-board.c:845:5:boot_get_cmdline	24	static
image-board.c:882:5:boot_get_kbd	16	static
image-board.c:904:5:image_setup_linux	24	static
image-board.c:938:6:genimg_print_size	8	static
image-board.c:944:6:genimg_print_time	64	static
