image-fit.c:805:12:fit_image_get_address	24	static
image-fit.c:90:5:fit_parse_conf	24	static
image-fit.c:116:5:fit_parse_subimage	24	static
image-fit.c:154:5:fit_get_subimage_count	24	static
image-fit.c:597:5:fit_get_desc	16	static
image-fit.c:625:5:fit_get_timestamp	16	static
image-fit.c:657:5:fit_image_get_node	16	static
image-fit.c:691:5:fit_image_get_os	16	static
image-fit.c:723:5:fit_image_get_arch	16	static
image-fit.c:755:5:fit_image_get_type	16	static
image-fit.c:787:5:fit_image_get_comp	16	static
image-fit.c:847:5:fit_image_get_load	0	static
image-fit.c:869:5:fit_image_get_entry	0	static
image-fit.c:889:5:fit_image_get_data	24	static
image-fit.c:916:5:fit_image_get_data_offset	8	static
image-fit.c:940:5:fit_image_get_data_position	8	static
image-fit.c:965:5:fit_image_get_data_size	8	static
image-fit.c:989:5:fit_image_get_data_size_unciphered	8	static
image-fit.c:1019:5:fit_image_get_data_and_size	32	static
image-fit.c:1066:5:fit_image_hash_get_algo	16	static
image-fit.c:1094:5:fit_image_hash_get_value	24	static
image-fit.c:188:13:fit_image_print_data	48	static
image-fit.c:255:13:fit_image_print_verification_data	24	static
image-fit.c:476:6:fit_image_print	56	static
image-fit.c:369:6:fit_print_contents	64	static
image-fit.c:1152:5:fit_image_cipher_get_algo	0	static
image-fit.c:1165:7:fit_get_end	0	static
image-fit.c:1183:5:fit_set_timestamp	24	static
image-fit.c:1219:5:calculate_hash	32	static
image-fit.c:1311:5:fit_image_verify_with_data	88	static
image-fit.c:1389:5:fit_image_verify	32	static
image-fit.c:1430:5:fit_all_image_verify	32	static
image-fit.c:1506:5:fit_image_check_os	16	static
image-fit.c:1528:5:fit_image_check_arch	16	static
image-fit.c:1561:5:fit_image_check_type	16	static
image-fit.c:1584:5:fit_image_check_comp	16	static
image-fit.c:1621:5:fit_check_format	16	static
image-fit.c:1732:5:fit_conf_find_compat	72	static
image-fit.c:1834:5:fit_conf_get_node	32	static
image-fit.c:1894:5:fit_conf_get_prop_node_count	0	static
image-fit.c:1900:5:fit_conf_get_prop_node_index	32	static
image-fit.c:1914:5:fit_conf_get_prop_node	0	static
image-fit.c:1936:5:fit_get_node_from_config	16	static
image-fit.c:1998:5:fit_image_load	104	static
image-fit.c:2256:5:boot_get_setup_fit	56	static
image-fit.c:2277:5:boot_get_fdt_fit	112	static
