pxe_utils.c:979:13:eol_or_eof	0	static
pxe_utils.c:279:13:label_print	0	static
pxe_utils.c:100:12:get_relfile	568	static
pxe_utils.c:208:12:get_relfile_envaddr	24	static
pxe_utils.c:258:13:label_destroy	8	static
pxe_utils.c:857:14:get_string	32	static
pxe_utils.c:929:13:get_token	32	static
pxe_utils.c:996:12:parse_sliteral	24	static
pxe_utils.c:1016:12:parse_integer	32	static
pxe_utils.c:38:5:pxe_get_file_size	8	static
pxe_utils.c:67:5:format_mac_pxe	32	static
pxe_utils.c:490:12:label_boot	2288	static
pxe_utils.c:147:5:get_pxe_file	16	static
pxe_utils.c:1045:12:handle_include	48	static
pxe_utils.c:1304:12:parse_pxefile_top	88	static
pxe_utils.c:175:5:get_pxelinux_path	544	static
pxe_utils.c:1382:6:destroy_pxe_menu	16	static
pxe_utils.c:1399:18:parse_pxefile	24	static
pxe_utils.c:1509:6:handle_pxe_menu	72	static
pxe_utils.c:1559:5:pxe_setup_ctx	24	static
pxe_utils.c:1589:6:pxe_destroy_ctx	0	static
pxe_utils.c:1594:5:pxe_process	16	static
