board.c:761:11:bone_not_connected_to_ac_power.part.0	16	static
board.c:1056:13:request_and_set_gpio	16	static
board.c:82:6:do_board_detect	8	static
board.c:557:6:do_cape_detect	240	static
board.c:728:5:spl_start_uboot	8	static
board.c:747:27:get_dpll_ddr_params	8	static
board.c:776:27:get_dpll_mpu_params	16	static
board.c:900:6:scale_vcores_generic	16	static
board.c:932:6:gpi2c_init	8	static
board.c:943:6:scale_vcores	8	static
board.c:956:6:set_uart_mux_conf	8	static
board.c:977:6:set_mux_conf_regs	0	static
board.c:1014:6:sdram_init	16	static
board.c:1104:5:ft_board_setup	72	static
board.c:1177:6:rtc32k_enable	8	static
board.c:1205:5:board_init	24	static
board.c:1329:5:board_late_init	24	static
board.c:1516:5:board_fit_config_name_match	8	static
