ctree.c:563:12:leaf_space_used.isra.0.constprop	16	static
ctree.c:25:5:btrfs_super_csum_size	0	static
ctree.c:32:13:btrfs_super_csum_name	0	static
ctree.c:37:8:btrfs_super_num_csums	0	static
ctree.c:42:5:btrfs_csum_type_size	0	static
ctree.c:47:20:btrfs_alloc_path	0	static
ctree.c:62:6:btrfs_release_path	16	static
ctree.c:54:6:btrfs_free_path	8	static
ctree.c:73:5:btrfs_comp_cpu_keys	20	static
ctree.c:90:12:btrfs_comp_keys	32	static
ctree.c:100:1:btrfs_check_node	88	static
ctree.c:282:5:btrfs_bin_search	32	static
ctree.c:299:23:read_node_slot	32	static
ctree.c:583:5:btrfs_leaf_free_space	32	static
ctree.c:131:1:btrfs_check_leaf	112	static
ctree.c:215:21:check_block	40	static
ctree.c:389:5:btrfs_search_slot	40	static
ctree.c:605:5:btrfs_prev_leaf	32	static
ctree.c:665:5:btrfs_next_sibling_tree_block	32	static
ctree.c:328:5:btrfs_find_item	80	static
ctree.c:496:5:btrfs_search_slot_for_read	40	static
ctree.c:708:5:btrfs_previous_item	56	static
