disk-io.c:700:12:btrfs_fs_roots_compare_objectids	12	static
disk-io.c:715:5:btrfs_fs_roots_compare_roots	0	static
disk-io.c:32:12:check_tree_block	24	static
disk-io.c:890:13:free_map_lookup	0	static
disk-io.c:369:12:verify_parent_transid.isra.0	40	static
disk-io.c:118:5:btrfs_csum_data	24	static
disk-io.c:293:5:btrfs_read_dev_super	4304	static
disk-io.c:341:5:csum_tree_block_size	56	static
disk-io.c:356:23:btrfs_find_tree_block	0	static
disk-io.c:363:23:btrfs_find_create_tree_block	16	static
disk-io.c:400:5:read_whole_eb	80	static
disk-io.c:540:5:read_extent_data	64	static
disk-io.c:576:6:btrfs_setup_root	24	static
disk-io.c:614:5:btrfs_free_fs_root	8	static
disk-io.c:622:13:__free_fs_root	0	static
disk-io.c:754:6:btrfs_free_fs_info	8	static
disk-io.c:763:23:btrfs_new_fs_info	8	static
disk-io.c:880:6:btrfs_release_all_roots	8	static
disk-io.c:900:6:btrfs_cleanup_all_caches	8	static
disk-io.c:933:5:btrfs_check_fs_compatibility	16	static
disk-io.c:1067:5:close_ctree_fs_info	16	static
disk-io.c:1080:5:btrfs_buffer_uptodate	16	static
disk-io.c:444:23:read_tree_block	144	static
disk-io.c:592:12:find_and_setup_root	32	static
disk-io.c:632:20:btrfs_read_fs_root_no_cache	40	static
disk-io.c:723:20:btrfs_read_fs_root	24	static
disk-io.c:833:5:btrfs_setup_all_roots	160	static
disk-io.c:988:23:open_ctree_fs_info	48	static
disk-io.c:1093:5:btrfs_set_buffer_uptodate	0	static
