extent-cache.c:22:12:cache_tree_comp_range	28	static
extent-cache.c:38:12:cache_tree_comp_nodes	32	static
extent-cache.c:253:13:free_extent_cache	0	static
extent-cache.c:50:12:cache_tree_comp_range2	28	static
extent-cache.c:70:12:cache_tree_comp_nodes2	32	static
extent-cache.c:83:6:cache_tree_init	0	static
extent-cache.c:116:5:insert_cache_extent	0	static
extent-cache.c:101:5:add_cache_extent	24	static
extent-cache.c:121:5:insert_cache_extent2	0	static
extent-cache.c:126:22:lookup_cache_extent	32	static
extent-cache.c:143:22:lookup_cache_extent2	32	static
extent-cache.c:161:22:search_cache_extent	40	static
extent-cache.c:180:22:search_cache_extent2	40	static
extent-cache.c:201:22:first_cache_extent	0	static
extent-cache.c:210:22:last_cache_extent	0	static
extent-cache.c:219:22:prev_cache_extent	0	static
extent-cache.c:228:22:next_cache_extent	0	static
extent-cache.c:237:6:remove_cache_extent	0	static
extent-cache.c:242:6:cache_tree_free_extents	16	static
extent-cache.c:258:6:free_extent_cache_tree	0	static
extent-cache.c:263:5:add_merge_cache_extent	64	static
