extent-io.c:24:29:alloc_extent_state	8	static
extent-io.c:38:13:btrfs_free_extent_state	8	static
extent-io.c:46:13:free_extent_state_func	0	static
extent-io.c:134:12:split_state	24	static
extent-io.c:72:12:merge_state	32	static
extent-io.c:152:12:clear_state_bit	16	static
extent-io.c:112:12:insert_state	32	static
extent-io.c:17:6:extent_io_tree_init	8	static
extent-io.c:55:6:extent_io_tree_cleanup	0	static
extent-io.c:174:6:extent_buffer_bitmap_set	16	static
extent-io.c:202:6:extent_buffer_bitmap_clear	16	static
extent-io.c:226:5:clear_extent_bits	56	static
extent-io.c:320:5:set_extent_bits	64	static
extent-io.c:443:5:set_extent_dirty	32	static
extent-io.c:448:5:clear_extent_dirty	32	static
extent-io.c:453:5:find_first_extent_bit	16	static
extent-io.c:484:5:test_range_bit	32	static
extent-io.c:522:5:set_state_private	16	static
extent-io.c:543:5:get_state_private	16	static
extent-io.c:636:6:free_extent_buffer	16	static
extent-io.c:641:23:find_extent_buffer	32	static
extent-io.c:656:23:find_first_extent_buffer	8	static
extent-io.c:728:5:read_extent_from_disk	32	static
extent-io.c:746:5:memcmp_extent_buffer	0	static
extent-io.c:752:6:read_extent_buffer	4	static
extent-io.c:758:6:write_extent_buffer	0	static
extent-io.c:764:6:copy_extent_buffer	0	static
extent-io.c:771:6:memmove_extent_buffer	4	static
extent-io.c:777:6:memset_extent_buffer	0	static
extent-io.c:564:30:__alloc_extent_buffer	32	static
extent-io.c:590:23:btrfs_clone_extent_buffer	24	static
extent-io.c:670:23:alloc_extent_buffer	40	static
extent-io.c:714:23:alloc_dummy_extent_buffer	16	static
extent-io.c:783:5:extent_buffer_test_bit	8	static
extent-io.c:789:5:set_extent_buffer_dirty	32	static
extent-io.c:800:5:clear_extent_buffer_dirty	32	static
