device.c:810:24:_device_find_global_by_ofnode	16	static
device.c:301:14:alloc_priv	16	static
device.c:38:12:device_bind_common.isra.6	40	static
device.c:238:5:device_bind_with_driver_data	0	static
device.c:247:5:device_bind	4	static
device.c:255:5:device_bind_by_name	32	static
device.c:279:5:device_reparent	12	static
device.c:393:5:device_of_to_plat	16	static
device.c:485:5:device_probe	16	static
device.c:674:12:device_get_device_tail.part.5	16	static
device.c:614:7:dev_get_plat	0	static
device.c:624:7:dev_get_parent_plat	0	static
device.c:634:7:dev_get_uclass_plat	0	static
device.c:644:7:dev_get_priv	0	static
device.c:654:7:dev_get_uclass_priv	0	static
device.c:664:7:dev_get_parent_priv	0	static
device.c:718:5:device_get_child	8	static
device.c:731:5:device_get_child_count	0	static
device.c:742:5:device_get_decendent_count	16	static
device.c:753:5:device_find_child_by_seq	12	static
device.c:770:5:device_get_child_by_seq	16	static
device.c:782:5:device_find_child_by_of_offset	12	static
device.c:799:5:device_get_child_by_of_offset	16	static
device.c:827:5:device_find_global_by_ofnode	8	static
device.c:834:5:device_get_global_by_ofnode	8	static
device.c:862:5:device_find_first_child	0	static
device.c:874:5:device_find_next_child	0	static
device.c:889:5:device_find_first_inactive_child	16	static
device.c:907:5:device_find_first_child_by_uclass	12	static
device.c:924:5:device_find_child_by_namelen	32	static
device.c:942:5:device_find_child_by_name	16	static
device.c:948:5:device_first_child_err	16	static
device.c:959:5:device_next_child_err	16	static
device.c:970:5:device_first_child_ofdata_err	16	static
device.c:988:5:device_next_child_ofdata_err	16	static
device.c:1006:17:dev_get_parent	0	static
device.c:1011:7:dev_get_driver_data	0	static
device.c:1016:13:dev_get_driver_ops	0	static
device.c:1024:16:device_get_uclass_id	0	static
device.c:1029:13:dev_get_uclass_name	0	static
device.c:1037:6:device_has_children	0	static
device.c:1042:6:device_has_active_children	16	static
device.c:1056:6:device_is_last_sibling	0	static
device.c:1065:6:device_set_name_alloced	0	static
device.c:1070:5:device_set_name	8	static
device.c:1081:6:dev_set_priv	0	static
device.c:1086:6:dev_set_parent_priv	0	static
device.c:1091:6:dev_set_uclass_priv	0	static
device.c:1096:6:dev_set_plat	0	static
device.c:1101:6:dev_set_parent_plat	0	static
device.c:1106:6:dev_set_uclass_plat	0	static
